Archive member included because of file (symbol)

/opt/altera/13.0sp1/nios2eds/bin/gnu/H-i686-pc-linux-gnu/bin/../lib/gcc/nios2-elf/4.1.2/mno-hw-mul/libgcc.a(_addsub_df.o)
                              obj/default/cruise_skeleton.o (__adddf3)
/opt/altera/13.0sp1/nios2eds/bin/gnu/H-i686-pc-linux-gnu/bin/../lib/gcc/nios2-elf/4.1.2/mno-hw-mul/libgcc.a(_div_df.o)
                              obj/default/cruise_skeleton.o (__divdf3)
/opt/altera/13.0sp1/nios2eds/bin/gnu/H-i686-pc-linux-gnu/bin/../lib/gcc/nios2-elf/4.1.2/mno-hw-mul/libgcc.a(_si_to_df.o)
                              obj/default/cruise_skeleton.o (__floatsidf)
/opt/altera/13.0sp1/nios2eds/bin/gnu/H-i686-pc-linux-gnu/bin/../lib/gcc/nios2-elf/4.1.2/mno-hw-mul/libgcc.a(_df_to_si.o)
                              obj/default/cruise_skeleton.o (__fixdfsi)
/opt/altera/13.0sp1/nios2eds/bin/gnu/H-i686-pc-linux-gnu/bin/../lib/gcc/nios2-elf/4.1.2/mno-hw-mul/libgcc.a(_thenan_df.o)
                              /opt/altera/13.0sp1/nios2eds/bin/gnu/H-i686-pc-linux-gnu/bin/../lib/gcc/nios2-elf/4.1.2/mno-hw-mul/libgcc.a(_addsub_df.o) (__thenan_df)
/opt/altera/13.0sp1/nios2eds/bin/gnu/H-i686-pc-linux-gnu/bin/../lib/gcc/nios2-elf/4.1.2/mno-hw-mul/libgcc.a(lib2-divmod.o)
                              obj/default/cruise_skeleton.o (__divsi3)
/opt/altera/13.0sp1/nios2eds/bin/gnu/H-i686-pc-linux-gnu/bin/../lib/gcc/nios2-elf/4.1.2/mno-hw-mul/libgcc.a(lib2-mul.o)
                              obj/default/cruise_skeleton.o (__mulsi3)
/opt/altera/13.0sp1/nios2eds/bin/gnu/H-i686-pc-linux-gnu/bin/../lib/gcc/nios2-elf/4.1.2/mno-hw-mul/libgcc.a(_clzsi2.o)
                              /opt/altera/13.0sp1/nios2eds/bin/gnu/H-i686-pc-linux-gnu/bin/../lib/gcc/nios2-elf/4.1.2/mno-hw-mul/libgcc.a(_si_to_df.o) (__clzsi2)
/opt/altera/13.0sp1/nios2eds/bin/gnu/H-i686-pc-linux-gnu/bin/../lib/gcc/nios2-elf/4.1.2/mno-hw-mul/libgcc.a(_pack_df.o)
                              /opt/altera/13.0sp1/nios2eds/bin/gnu/H-i686-pc-linux-gnu/bin/../lib/gcc/nios2-elf/4.1.2/mno-hw-mul/libgcc.a(_addsub_df.o) (__pack_d)
/opt/altera/13.0sp1/nios2eds/bin/gnu/H-i686-pc-linux-gnu/bin/../lib/gcc/nios2-elf/4.1.2/mno-hw-mul/libgcc.a(_unpack_df.o)
                              /opt/altera/13.0sp1/nios2eds/bin/gnu/H-i686-pc-linux-gnu/bin/../lib/gcc/nios2-elf/4.1.2/mno-hw-mul/libgcc.a(_addsub_df.o) (__unpack_d)
/opt/altera/13.0sp1/nios2eds/bin/gnu/H-i686-pc-linux-gnu/bin/../lib/gcc/nios2-elf/4.1.2/mno-hw-mul/libgcc.a(_clz.o)
                              /opt/altera/13.0sp1/nios2eds/bin/gnu/H-i686-pc-linux-gnu/bin/../lib/gcc/nios2-elf/4.1.2/mno-hw-mul/libgcc.a(_clzsi2.o) (__clz_tab)
/opt/altera/13.0sp1/nios2eds/bin/gnu/H-i686-pc-linux-gnu/bin/../lib/gcc/nios2-elf/4.1.2/../../../../nios2-elf/lib/mno-hw-mul/libc.a(lib_a-printf.o)
                              obj/default/cruise_skeleton.o (printf)
/opt/altera/13.0sp1/nios2eds/bin/gnu/H-i686-pc-linux-gnu/bin/../lib/gcc/nios2-elf/4.1.2/../../../../nios2-elf/lib/mno-hw-mul/libc.a(lib_a-puts.o)
                              obj/default/cruise_skeleton.o (puts)
/opt/altera/13.0sp1/nios2eds/bin/gnu/H-i686-pc-linux-gnu/bin/../lib/gcc/nios2-elf/4.1.2/../../../../nios2-elf/lib/mno-hw-mul/libc.a(lib_a-strlen.o)
                              /opt/altera/13.0sp1/nios2eds/bin/gnu/H-i686-pc-linux-gnu/bin/../lib/gcc/nios2-elf/4.1.2/../../../../nios2-elf/lib/mno-hw-mul/libc.a(lib_a-puts.o) (strlen)
/opt/altera/13.0sp1/nios2eds/bin/gnu/H-i686-pc-linux-gnu/bin/../lib/gcc/nios2-elf/4.1.2/../../../../nios2-elf/lib/mno-hw-mul/libc.a(lib_a-vfprintf.o)
                              /opt/altera/13.0sp1/nios2eds/bin/gnu/H-i686-pc-linux-gnu/bin/../lib/gcc/nios2-elf/4.1.2/../../../../nios2-elf/lib/mno-hw-mul/libc.a(lib_a-printf.o) (___vfprintf_internal_r)
/opt/altera/13.0sp1/nios2eds/bin/gnu/H-i686-pc-linux-gnu/bin/../lib/gcc/nios2-elf/4.1.2/../../../../nios2-elf/lib/mno-hw-mul/libc.a(lib_a-wsetup.o)
                              /opt/altera/13.0sp1/nios2eds/bin/gnu/H-i686-pc-linux-gnu/bin/../lib/gcc/nios2-elf/4.1.2/../../../../nios2-elf/lib/mno-hw-mul/libc.a(lib_a-vfprintf.o) (__swsetup_r)
/opt/altera/13.0sp1/nios2eds/bin/gnu/H-i686-pc-linux-gnu/bin/../lib/gcc/nios2-elf/4.1.2/../../../../nios2-elf/lib/mno-hw-mul/libc.a(lib_a-dtoa.o)
                              /opt/altera/13.0sp1/nios2eds/bin/gnu/H-i686-pc-linux-gnu/bin/../lib/gcc/nios2-elf/4.1.2/../../../../nios2-elf/lib/mno-hw-mul/libc.a(lib_a-vfprintf.o) (_dtoa_r)
/opt/altera/13.0sp1/nios2eds/bin/gnu/H-i686-pc-linux-gnu/bin/../lib/gcc/nios2-elf/4.1.2/../../../../nios2-elf/lib/mno-hw-mul/libc.a(lib_a-fflush.o)
                              /opt/altera/13.0sp1/nios2eds/bin/gnu/H-i686-pc-linux-gnu/bin/../lib/gcc/nios2-elf/4.1.2/../../../../nios2-elf/lib/mno-hw-mul/libc.a(lib_a-vfprintf.o) (_fflush_r)
/opt/altera/13.0sp1/nios2eds/bin/gnu/H-i686-pc-linux-gnu/bin/../lib/gcc/nios2-elf/4.1.2/../../../../nios2-elf/lib/mno-hw-mul/libc.a(lib_a-findfp.o)
[...]
Memory Configuration

Name             Origin             Length             Attributes
onchip_memory    0x00000000         0x00006400
sram             0x00100000         0x00080000
reset            0x01000000         0x00000020
sdram            0x01000020         0x007fffe0
*default*        0x00000000         0xffffffff

Linker script and memory map

LOAD ../bsp//obj/HAL/src/crt0.o
LOAD obj/default/cruise_skeleton.o
LOAD /opt/altera/13.0sp1/nios2eds/bin/gnu/H-i686-pc-linux-gnu/bin/../lib/gcc/nios2-elf/4.1.2/../../../../nios2-elf/lib/mno-hw-mul/libstdc++.a
LOAD /opt/altera/13.0sp1/nios2eds/bin/gnu/H-i686-pc-linux-gnu/bin/../lib/gcc/nios2-elf/4.1.2/../../../../nios2-elf/lib/mno-hw-mul/libm.a
LOAD /opt/altera/13.0sp1/nios2eds/bin/gnu/H-i686-pc-linux-gnu/bin/../lib/gcc/nios2-elf/4.1.2/mno-hw-mul/libgcc.a
START GROUP
LOAD /opt/altera/13.0sp1/nios2eds/bin/gnu/H-i686-pc-linux-gnu/bin/../lib/gcc/nios2-elf/4.1.2/../../../../nios2-elf/lib/mno-hw-mul/libc.a
LOAD /opt/altera/13.0sp1/nios2eds/bin/gnu/H-i686-pc-linux-gnu/bin/../lib/gcc/nios2-elf/4.1.2/mno-hw-mul/libgcc.a
LOAD ../bsp//libucosii_bsp.a
END GROUP
LOAD /opt/altera/13.0sp1/nios2eds/bin/gnu/H-i686-pc-linux-gnu/bin/../lib/gcc/nios2-elf/4.1.2/mno-hw-mul/libgcc.a
                0x00000000                __alt_mem_onchip_memory = 0x0
                0x00100000                __alt_mem_sram = 0x100000
                0x01000000                __alt_mem_sdram = 0x1000000

.entry          0x01000000       0x20
 *(.entry)
 .entry         0x01000000       0x20 ../bsp//obj/HAL/src/crt0.o
                0x01000000                __reset

.exceptions     0x01000020      0x124 load address 0x00100000
                0x01000020                PROVIDE (__ram_exceptions_start, ABSOLUTE (.))
                0x01000020                . = ALIGN (0x20)
 *(.irq)
 *(.exceptions.entry.label)
 .exceptions.entry.label
                0x01000020        0x0 ../bsp//libucosii_bsp.a(alt_irq_entry.o)
                0x01000020                alt_irq_entry
 .exceptions.entry.label
                0x01000020        0x0 ../bsp//libucosii_bsp.a(alt_exception_entry.o)
                0x01000020                alt_exception
 *(.exceptions.entry.user)
 *(.exceptions.entry)
 .exceptions.entry
                0x01000020       0x54 ../bsp//libucosii_bsp.a(alt_exception_entry.o)
 *(.exceptions.irqtest.user)
 *(.exceptions.irqtest)
 .exceptions.irqtest
                0x01000074       0x10 ../bsp//libucosii_bsp.a(alt_irq_entry.o)
 *(.exceptions.irqhandler.user)
 *(.exceptions.irqhandler)
 .exceptions.irqhandler
                0x01000084        0x4 ../bsp//libucosii_bsp.a(alt_irq_entry.o)
 *(.exceptions.irqreturn.user)
 *(.exceptions.irqreturn)
 .exceptions.irqreturn
                0x01000088        0x4 ../bsp//libucosii_bsp.a(alt_irq_entry.o)
 *(.exceptions.notirq.label)
 .exceptions.notirq.label
                0x0100008c        0x0 ../bsp//libucosii_bsp.a(alt_irq_entry.o)
 *(.exceptions.notirq.user)
 *(.exceptions.notirq)
 .exceptions.notirq
                0x0100008c        0x8 ../bsp//libucosii_bsp.a(alt_exception_entry.o)
 *(.exceptions.soft.user)
 *(.exceptions.soft)
 *(.exceptions.unknown.user)
 *(.exceptions.unknown)
 .exceptions.unknown
                0x01000094        0x4 ../bsp//libucosii_bsp.a(alt_exception_entry.o)
 *(.exceptions.exit.label)
 .exceptions.exit.label
                0x01000098        0x0 ../bsp//libucosii_bsp.a(alt_irq_entry.o)
 .exceptions.exit.label
                0x01000098        0x0 ../bsp//libucosii_bsp.a(alt_exception_entry.o)
 *(.exceptions.exit.user)
 *(.exceptions.exit)
 .exceptions.exit
                0x01000098       0x54 ../bsp//libucosii_bsp.a(alt_exception_entry.o)
 *(.exceptions)
 .exceptions    0x010000ec       0x58 ../bsp//libucosii_bsp.a(alt_irq_handler.o)
                0x010000ec                alt_irq_handler
                0x01000144                PROVIDE (__ram_exceptions_end, ABSOLUTE (.))
                0x00100000                PROVIDE (__flash_exceptions_start, LOADADDR (.exceptions))

.text           0x00100124    0x118ec
                0x00100124                PROVIDE (stext, ABSOLUTE (.))
 *(.interp)
 *(.hash)
 *(.dynsym)
 *(.dynstr)
 *(.gnu.version)
 *(.gnu.version_d)
 *(.gnu.version_r)
 *(.rel.init)
 *(.rela.init)
 *(.rel.text .rel.text.* .rel.gnu.linkonce.t.*)
 *(.rela.text .rela.text.* .rela.gnu.linkonce.t.*)
 *(.rel.fini)
 *(.rela.fini)
 *(.rel.rodata .rel.rodata.* .rel.gnu.linkonce.r.*)
 *(.rela.rodata .rela.rodata.* .rela.gnu.linkonce.r.*)
 *(.rel.data .rel.data.* .rel.gnu.linkonce.d.*)
 *(.rela.data .rela.data.* .rela.gnu.linkonce.d.*)
 *(.rel.tdata .rel.tdata.* .rel.gnu.linkonce.td.*)
 *(.rela.tdata .rela.tdata.* .rela.gnu.linkonce.td.*)
 *(.rel.tbss .rel.tbss.* .rel.gnu.linkonce.tb.*)
 *(.rela.tbss .rela.tbss.* .rela.gnu.linkonce.tb.*)
 *(.rel.ctors)
 *(.rela.ctors)
 *(.rel.dtors)
 *(.rela.dtors)
 *(.rel.got)
 *(.rela.got)
 *(.rel.sdata .rel.sdata.* .rel.gnu.linkonce.s.*)
 *(.rela.sdata .rela.sdata.* .rela.gnu.linkonce.s.*)
 *(.rel.sbss .rel.sbss.* .rel.gnu.linkonce.sb.*)
 *(.rela.sbss .rela.sbss.* .rela.gnu.linkonce.sb.*)
 *(.rel.sdata2 .rel.sdata2.* .rel.gnu.linkonce.s2.*)
 *(.rela.sdata2 .rela.sdata2.* .rela.gnu.linkonce.s2.*)
 *(.rel.sbss2 .rel.sbss2.* .rel.gnu.linkonce.sb2.*)
 *(.rela.sbss2 .rela.sbss2.* .rela.gnu.linkonce.sb2.*)
 *(.rel.bss .rel.bss.* .rel.gnu.linkonce.b.*)
 *(.rela.bss .rela.bss.* .rela.gnu.linkonce.b.*)
 *(.rel.plt)
 *(.rela.plt)
 *(.rel.dyn)
 *(.init)
 *(.plt)
 *(.text .stub .text.* .gnu.linkonce.t.*)
 .text          0x00100124       0x3c ../bsp//obj/HAL/src/crt0.o
                0x00100124                _start
 .text          0x00100160      0x7dc obj/default/cruise_skeleton.o
                0x00100160                buttons_pressed
                0x00100188                switches_pressed
                0x001001ac                alarm_handler
                0x001001dc                int2seven
                0x00100218                show_velocity_on_sevenseg
                0x00100308                show_target_velocity
                0x00100328                show_position
                0x00100348                VehicleTask
                0x001006d0                ControlTask
                0x00100754                StartTask
                0x001008c0                main
 .text          0x0010093c      0x504 /opt/altera/13.0sp1/nios2eds/bin/gnu/H-i686-pc-linux-gnu/bin/../lib/gcc/nios2-elf/4.1.2/mno-hw-mul/libgcc.a(_addsub_df.o)
                0x00100d4c                __subdf3
                0x00100dcc                __adddf3
 .text          0x00100e40      0x258 /opt/altera/13.0sp1/nios2eds/bin/gnu/H-i686-pc-linux-gnu/bin/../lib/gcc/nios2-elf/4.1.2/mno-hw-mul/libgcc.a(_div_df.o)
                0x00100e40                __divdf3
 .text          0x00101098       0xf8 /opt/altera/13.0sp1/nios2eds/bin/gnu/H-i686-pc-linux-gnu/bin/../lib/gcc/nios2-elf/4.1.2/mno-hw-mul/libgcc.a(_si_to_df.o)
                0x00101098                __floatsidf
 .text          0x00101190       0xd8 /opt/altera/13.0sp1/nios2eds/bin/gnu/H-i686-pc-linux-gnu/bin/../lib/gcc/nios2-elf/4.1.2/mno-hw-mul/libgcc.a(_df_to_si.o)
                0x00101190                __fixdfsi
 .text          0x00101268        0x0 /opt/altera/13.0sp1/nios2eds/bin/gnu/H-i686-pc-linux-gnu/bin/../lib/gcc/nios2-elf/4.1.2/mno-hw-mul/libgcc.a(_thenan_df.o)
 .text          0x00101268      0x14c /opt/altera/13.0sp1/nios2eds/bin/gnu/H-i686-pc-linux-gnu/bin/../lib/gcc/nios2-elf/4.1.2/mno-hw-mul/libgcc.a(lib2-divmod.o)
                0x001012e4                __divsi3
                0x00101344                __modsi3
                0x001013a4                __udivsi3
                0x001013ac                __umodsi3
 .text          0x001013b4       0x38 /opt/altera/13.0sp1/nios2eds/bin/gnu/H-i686-pc-linux-gnu/bin/../lib/gcc/nios2-elf/4.1.2/mno-hw-mul/libgcc.a(lib2-mul.o)
                0x001013b4                __mulsi3
 .text          0x001013ec       0x80 /opt/altera/13.0sp1/nios2eds/bin/gnu/H-i686-pc-linux-gnu/bin/../lib/gcc/nios2-elf/4.1.2/mno-hw-mul/libgcc.a(_clzsi2.o)
                0x001013ec                __clzsi2
 .text          0x0010146c      0x314 /opt/altera/13.0sp1/nios2eds/bin/gnu/H-i686-pc-linux-gnu/bin/../lib/gcc/nios2-elf/4.1.2/mno-hw-mul/libgcc.a(_pack_df.o)
                0x0010146c                __pack_d
 .text          0x00101780      0x138 /opt/altera/13.0sp1/nios2eds/bin/gnu/H-i686-pc-linux-gnu/bin/../lib/gcc/nios2-elf/4.1.2/mno-hw-mul/libgcc.a(_unpack_df.o)
                0x00101780                __unpack_d
 .text          0x001018b8        0x0 /opt/altera/13.0sp1/nios2eds/bin/gnu/H-i686-pc-linux-gnu/bin/../lib/gcc/nios2-elf/4.1.2/mno-hw-mul/libgcc.a(_clz.o)
 .text          0x001018b8       0x78 /opt/altera/13.0sp1/nios2eds/bin/gnu/H-i686-pc-linux-gnu/bin/../lib/gcc/nios2-elf/4.1.2/../../../../nios2-elf/lib/mno-hw-mul/libc.a(lib_a-printf.o)
                0x001018b8                printf
                0x001018fc                _printf_r
 .text          0x00101930       0xb4 /opt/altera/13.0sp1/nios2eds/bin/gnu/H-i686-pc-linux-gnu/bin/../lib/gcc/nios2-elf/4.1.2/../../../../nios2-elf/lib/mno-hw-mul/libc.a(lib_a-puts.o)
                0x00101930                _puts_r
                0x001019d0                puts
 .text          0x001019e4       0x74 /opt/altera/13.0sp1/nios2eds/bin/gnu/H-i686-pc-linux-gnu/bin/../lib/gcc/nios2-elf/4.1.2/../../../../nios2-elf/lib/mno-hw-mul/libc.a(lib_a-strlen.o)
                0x001019e4                strlen
 .text          0x00101a58     0x1f40 /opt/altera/13.0sp1/nios2eds/bin/gnu/H-i686-pc-linux-gnu/bin/../lib/gcc/nios2-elf/4.1.2/../../../../nios2-elf/lib/mno-hw-mul/libc.a(lib_a-vfprintf.o)
                0x00101ab0                ___vfprintf_internal_r
                0x00103974                __vfprintf_internal
 .text          0x00103998      0x13c /opt/altera/13.0sp1/nios2eds/bin/gnu/H-i686-pc-linux-gnu/bin/../lib/gcc/nios2-elf/4.1.2/../../../../nios2-elf/lib/mno-hw-mul/libc.a(lib_a-wsetup.o)
                0x00103998                __swsetup_r
 .text          0x00103ad4     0x17f8 /opt/altera/13.0sp1/nios2eds/bin/gnu/H-i686-pc-linux-gnu/bin/../lib/gcc/nios2-elf/4.1.2/../../../../nios2-elf/lib/mno-hw-mul/libc.a(lib_a-dtoa.o)
                0x00103d18                _dtoa_r
 .text          0x001052cc      0x230 /opt/altera/13.0sp1/nios2eds/bin/gnu/H-i686-pc-linux-gnu/bin/../lib/gcc/nios2-elf/4.1.2/../../../../nios2-elf/lib/mno-hw-mul/libc.a(lib_a-fflush.o)
                0x001052cc                _fflush_r
                0x001054c8                fflush
 .text          0x001054fc      0x2f4 /opt/altera/13.0sp1/nios2eds/bin/gnu/H-i686-pc-linux-gnu/bin/../lib/gcc/nios2-elf/4.1.2/../../../../nios2-elf/lib/mno-hw-mul/libc.a(lib_a-findfp.o)
                0x00105554                __sfp_lock_acquire
                0x00105558                __sfp_lock_release
                0x0010555c                __sinit_lock_acquire
                0x00105560                __sinit_lock_release
                0x00105564                __sinit
                0x00105618                __fp_unlock_all
                0x00105630                __fp_lock_all
                0x00105648                _cleanup_r
                0x00105654                _cleanup
                0x00105664                __sfmoreglue
                0x00105700                __sfp
 .text          0x001057f0      0x440 /opt/altera/13.0sp1/nios2eds/bin/gnu/H-i686-pc-linux-gnu/bin/../lib/gcc/nios2-elf/4.1.2/../../../../nios2-elf/lib/mno-hw-mul/libc.a(lib_a-freer.o)
                0x001057f0                _malloc_trim_r
                0x0010591c                _free_r
 .text          0x00105c30      0x49c /opt/altera/13.0sp1/nios2eds/bin/gnu/H-i686-pc-linux-gnu/bin/../lib/gcc/nios2-elf/4.1.2/../../../../nios2-elf/lib/mno-hw-mul/libc.a(lib_a-fvwrite.o)
                0x00105c30                __sfvwrite_r
 .text          0x001060cc      0x180 /opt/altera/13.0sp1/nios2eds/bin/gnu/H-i686-pc-linux-gnu/bin/../lib/gcc/nios2-elf/4.1.2/../../../../nios2-elf/lib/mno-hw-mul/libc.a(lib_a-fwalk.o)
                0x001060cc                _fwalk_reent
                0x00106194                _fwalk
 .text          0x0010624c        0x0 /opt/altera/13.0sp1/nios2eds/bin/gnu/H-i686-pc-linux-gnu/bin/../lib/gcc/nios2-elf/4.1.2/../../../../nios2-elf/lib/mno-hw-mul/libc.a(lib_a-impure.o)
 .text          0x0010624c       0xc4 /opt/altera/13.0sp1/nios2eds/bin/gnu/H-i686-pc-linux-gnu/bin/../lib/gcc/nios2-elf/4.1.2/../../../../nios2-elf/lib/mno-hw-mul/libc.a(lib_a-locale.o)
                0x0010624c                __locale_charset
                0x00106254                _localeconv_r
                0x00106260                localeconv
                0x00106270                _setlocale_r
                0x001062f4                setlocale
 .text          0x00106310      0x194 /opt/altera/13.0sp1/nios2eds/bin/gnu/H-i686-pc-linux-gnu/bin/../lib/gcc/nios2-elf/4.1.2/../../../../nios2-elf/lib/mno-hw-mul/libc.a(lib_a-makebuf.o)
                0x00106310                __smakebuf_r
 .text          0x001064a4      0x740 /opt/altera/13.0sp1/nios2eds/bin/gnu/H-i686-pc-linux-gnu/bin/../lib/gcc/nios2-elf/4.1.2/../../../../nios2-elf/lib/mno-hw-mul/libc.a(lib_a-mallocr.o)
                0x001064a4                _malloc_r
 .text          0x00106be4       0xe4 /opt/altera/13.0sp1/nios2eds/bin/gnu/H-i686-pc-linux-gnu/bin/../lib/gcc/nios2-elf/4.1.2/../../../../nios2-elf/lib/mno-hw-mul/libc.a(lib_a-memchr.o)
                0x00106be4                memchr
 .text          0x00106cc8       0xa0 /opt/altera/13.0sp1/nios2eds/bin/gnu/H-i686-pc-linux-gnu/bin/../lib/gcc/nios2-elf/4.1.2/../../../../nios2-elf/lib/mno-hw-mul/libc.a(lib_a-memcpy.o)
                0x00106cc8                memcpy
 .text          0x00106d68       0xe0 /opt/altera/13.0sp1/nios2eds/bin/gnu/H-i686-pc-linux-gnu/bin/../lib/gcc/nios2-elf/4.1.2/../../../../nios2-elf/lib/mno-hw-mul/libc.a(lib_a-memmove.o)
                0x00106d68                memmove
 .text          0x00106e48       0x98 /opt/altera/13.0sp1/nios2eds/bin/gnu/H-i686-pc-linux-gnu/bin/../lib/gcc/nios2-elf/4.1.2/../../../../nios2-elf/lib/mno-hw-mul/libc.a(lib_a-memset.o)
                0x00106e48                memset
 .text          0x00106ee0     0x108c /opt/altera/13.0sp1/nios2eds/bin/gnu/H-i686-pc-linux-gnu/bin/../lib/gcc/nios2-elf/4.1.2/../../../../nios2-elf/lib/mno-hw-mul/libc.a(lib_a-mprec.o)
                0x00106ee0                _Bfree
                0x00106f08                __hi0bits
                0x00106f78                __lo0bits
                0x0010703c                __mcmp
                0x0010709c                __ulp
                0x0010711c                __b2d
                0x0010723c                __ratio
                0x001072ec                _mprec_log10
                0x00107380                __copybits
                0x001073d8                __any_on
                0x00107460                _Balloc
                0x0010751c                __d2b
                0x00107698                __mdiff
                0x00107824                __lshift
                0x00107970                __multiply
                0x00107bc4                __i2b
                0x00107c00                __multadd
                0x00107d2c                __pow5mult
                0x00107e4c                __s2b
 .text          0x00107f6c      0x5f4 /opt/altera/13.0sp1/nios2eds/bin/gnu/H-i686-pc-linux-gnu/bin/../lib/gcc/nios2-elf/4.1.2/../../../../nios2-elf/lib/mno-hw-mul/libc.a(lib_a-reallocr.o)
                0x00107f6c                _realloc_r
 .text          0x00108560       0x40 /opt/altera/13.0sp1/nios2eds/bin/gnu/H-i686-pc-linux-gnu/bin/../lib/gcc/nios2-elf/4.1.2/../../../../nios2-elf/lib/mno-hw-mul/libc.a(lib_a-s_isinfd.o)
                0x00108560                __isinfd
 .text          0x001085a0       0x30 /opt/altera/13.0sp1/nios2eds/bin/gnu/H-i686-pc-linux-gnu/bin/../lib/gcc/nios2-elf/4.1.2/../../../../nios2-elf/lib/mno-hw-mul/libc.a(lib_a-s_isnand.o)
                0x001085a0                __isnand
 .text          0x001085d0       0x70 /opt/altera/13.0sp1/nios2eds/bin/gnu/H-i686-pc-linux-gnu/bin/../lib/gcc/nios2-elf/4.1.2/../../../../nios2-elf/lib/mno-hw-mul/libc.a(lib_a-sbrkr.o)
                0x001085d0                _sbrk_r
 .text          0x00108640      0x14c /opt/altera/13.0sp1/nios2eds/bin/gnu/H-i686-pc-linux-gnu/bin/../lib/gcc/nios2-elf/4.1.2/../../../../nios2-elf/lib/mno-hw-mul/libc.a(lib_a-stdio.o)
                0x00108640                __sclose
                0x00108648                __sseek
                0x001086b0                __swrite
                0x0010872c                __sread
 .text          0x0010878c       0xbc /opt/altera/13.0sp1/nios2eds/bin/gnu/H-i686-pc-linux-gnu/bin/../lib/gcc/nios2-elf/4.1.2/../../../../nios2-elf/lib/mno-hw-mul/libc.a(lib_a-strcmp.o)
                0x0010878c                strcmp
 .text          0x00108848       0x78 /opt/altera/13.0sp1/nios2eds/bin/gnu/H-i686-pc-linux-gnu/bin/../lib/gcc/nios2-elf/4.1.2/../../../../nios2-elf/lib/mno-hw-mul/libc.a(lib_a-writer.o)
                0x00108848                _write_r
 .text          0x001088c0       0xc8 /opt/altera/13.0sp1/nios2eds/bin/gnu/H-i686-pc-linux-gnu/bin/../lib/gcc/nios2-elf/4.1.2/../../../../nios2-elf/lib/mno-hw-mul/libc.a(lib_a-callocr.o)
                0x001088c0                _calloc_r
 .text          0x00108988       0x70 /opt/altera/13.0sp1/nios2eds/bin/gnu/H-i686-pc-linux-gnu/bin/../lib/gcc/nios2-elf/4.1.2/../../../../nios2-elf/lib/mno-hw-mul/libc.a(lib_a-closer.o)
                0x00108988                _close_r
 .text          0x001089f8      0x124 /opt/altera/13.0sp1/nios2eds/bin/gnu/H-i686-pc-linux-gnu/bin/../lib/gcc/nios2-elf/4.1.2/../../../../nios2-elf/lib/mno-hw-mul/libc.a(lib_a-fclose.o)
                0x001089f8                _fclose_r
                0x00108b08                fclose
 .text          0x00108b1c       0x74 /opt/altera/13.0sp1/nios2eds/bin/gnu/H-i686-pc-linux-gnu/bin/../lib/gcc/nios2-elf/4.1.2/../../../../nios2-elf/lib/mno-hw-mul/libc.a(lib_a-fstatr.o)
                0x00108b1c                _fstat_r
 .text          0x00108b90        0x0 /opt/altera/13.0sp1/nios2eds/bin/gnu/H-i686-pc-linux-gnu/bin/../lib/gcc/nios2-elf/4.1.2/../../../../nios2-elf/lib/mno-hw-mul/libc.a(lib_a-int_errno.o)
 .text          0x00108b90       0x70 /opt/altera/13.0sp1/nios2eds/bin/gnu/H-i686-pc-linux-gnu/bin/../lib/gcc/nios2-elf/4.1.2/../../../../nios2-elf/lib/mno-hw-mul/libc.a(lib_a-isattyr.o)
                0x00108b90                _isatty_r
 .text          0x00108c00       0x78 /opt/altera/13.0sp1/nios2eds/bin/gnu/H-i686-pc-linux-gnu/bin/../lib/gcc/nios2-elf/4.1.2/../../../../nios2-elf/lib/mno-hw-mul/libc.a(lib_a-lseekr.o)
                0x00108c00                _lseek_r
 .text          0x00108c78       0x78 /opt/altera/13.0sp1/nios2eds/bin/gnu/H-i686-pc-linux-gnu/bin/../lib/gcc/nios2-elf/4.1.2/../../../../nios2-elf/lib/mno-hw-mul/libc.a(lib_a-readr.o)
                0x00108c78                _read_r
 .text          0x00108cf0      0x66c /opt/altera/13.0sp1/nios2eds/bin/gnu/H-i686-pc-linux-gnu/bin/../lib/gcc/nios2-elf/4.1.2/mno-hw-mul/libgcc.a(_udivdi3.o)
                0x00108cf0                __udivdi3
 .text          0x0010935c      0x660 /opt/altera/13.0sp1/nios2eds/bin/gnu/H-i686-pc-linux-gnu/bin/../lib/gcc/nios2-elf/4.1.2/mno-hw-mul/libgcc.a(_umoddi3.o)
                0x0010935c                __umoddi3
 .text          0x001099bc      0x3c4 /opt/altera/13.0sp1/nios2eds/bin/gnu/H-i686-pc-linux-gnu/bin/../lib/gcc/nios2-elf/4.1.2/mno-hw-mul/libgcc.a(_mul_df.o)
                0x001099bc                __muldf3
 .text          0x00109d80       0x88 /opt/altera/13.0sp1/nios2eds/bin/gnu/H-i686-pc-linux-gnu/bin/../lib/gcc/nios2-elf/4.1.2/mno-hw-mul/libgcc.a(_eq_df.o)
                0x00109d80                __eqdf2
 .text          0x00109e08       0x88 /opt/altera/13.0sp1/nios2eds/bin/gnu/H-i686-pc-linux-gnu/bin/../lib/gcc/nios2-elf/4.1.2/mno-hw-mul/libgcc.a(_ne_df.o)
                0x00109e08                __nedf2
 .text          0x00109e90       0x88 /opt/altera/13.0sp1/nios2eds/bin/gnu/H-i686-pc-linux-gnu/bin/../lib/gcc/nios2-elf/4.1.2/mno-hw-mul/libgcc.a(_gt_df.o)
                0x00109e90                __gtdf2
 .text          0x00109f18       0x88 /opt/altera/13.0sp1/nios2eds/bin/gnu/H-i686-pc-linux-gnu/bin/../lib/gcc/nios2-elf/4.1.2/mno-hw-mul/libgcc.a(_ge_df.o)
                0x00109f18                __gedf2
 .text          0x00109fa0       0x88 /opt/altera/13.0sp1/nios2eds/bin/gnu/H-i686-pc-linux-gnu/bin/../lib/gcc/nios2-elf/4.1.2/mno-hw-mul/libgcc.a(_lt_df.o)
                0x00109fa0                __ltdf2
 .text          0x0010a028      0x194 /opt/altera/13.0sp1/nios2eds/bin/gnu/H-i686-pc-linux-gnu/bin/../lib/gcc/nios2-elf/4.1.2/mno-hw-mul/libgcc.a(_usi_to_df.o)
                0x0010a028                __floatunsidf
 .text          0x0010a1bc      0x124 /opt/altera/13.0sp1/nios2eds/bin/gnu/H-i686-pc-linux-gnu/bin/../lib/gcc/nios2-elf/4.1.2/mno-hw-mul/libgcc.a(_muldi3.o)
                0x0010a1bc                __muldi3
 .text          0x0010a2e0       0xc8 /opt/altera/13.0sp1/nios2eds/bin/gnu/H-i686-pc-linux-gnu/bin/../lib/gcc/nios2-elf/4.1.2/mno-hw-mul/libgcc.a(_fpcmp_parts_df.o)
                0x0010a2e0                __fpcmp_parts_d
 .text          0x0010a3a8       0x90 ../bsp//libucosii_bsp.a(alt_alarm_start.o)
                0x0010a3a8                alt_alarm_start
 .text          0x0010a438       0xbc ../bsp//libucosii_bsp.a(alt_close.o)
                0x0010a458                close
 .text          0x0010a4f4        0x8 ../bsp//libucosii_bsp.a(alt_dev.o)
 .text          0x0010a4fc        0x0 ../bsp//libucosii_bsp.a(alt_errno.o)
 .text          0x0010a4fc       0x9c ../bsp//libucosii_bsp.a(alt_fstat.o)
                0x0010a4fc                fstat
 .text          0x0010a598       0x94 ../bsp//libucosii_bsp.a(alt_isatty.o)
                0x0010a598                isatty
 .text          0x0010a62c       0x8c ../bsp//libucosii_bsp.a(alt_load.o)
                0x0010a64c                alt_load
 .text          0x0010a6b8       0xb8 ../bsp//libucosii_bsp.a(alt_lseek.o)
                0x0010a6b8                lseek
 .text          0x0010a770       0xa8 ../bsp//libucosii_bsp.a(alt_main.o)
                0x0010a770                alt_main
 .text          0x0010a818       0xd8 ../bsp//libucosii_bsp.a(alt_read.o)
                0x0010a838                read
 .text          0x0010a8f0       0x5c ../bsp//libucosii_bsp.a(alt_release_fd.o)
                0x0010a8f0                alt_release_fd
 .text          0x0010a94c       0x50 ../bsp//libucosii_bsp.a(alt_sbrk.o)
                0x0010a94c                sbrk
 .text          0x0010a99c       0xe0 ../bsp//libucosii_bsp.a(alt_tick.o)
                0x0010a99c                alt_alarm_stop
                0x0010a9d0                alt_tick
 .text          0x0010aa7c       0xd4 ../bsp//libucosii_bsp.a(alt_write.o)
                0x0010aa9c                write
 .text          0x0010ab50       0xa8 ../bsp//libucosii_bsp.a(alt_env_lock.o)
                0x0010ab50                __env_unlock
                0x0010ab78                __env_lock
 .text          0x0010abf8      0x110 ../bsp//libucosii_bsp.a(alt_malloc_lock.o)
                0x0010abf8                __malloc_unlock
                0x0010ac54                __malloc_lock
 .text          0x0010ad08     0x1118 ../bsp//libucosii_bsp.a(os_core.o)
                0x0010ad08                OSVersion
                0x0010ad10                OS_Dummy
                0x0010ad14                OS_EventTaskWait
                0x0010ad98                OS_EventTaskWaitMulti
                0x0010ae38                OS_EventTaskRemove
                0x0010ae84                OS_EventTaskRemoveMulti
                0x0010aee0                OS_EventTaskRdy
                0x0010afd4                OS_EventWaitListInit
                0x0010aff0                OS_MemClr
                0x0010b00c                OS_MemCopy
                0x0010b030                OS_StrCopy
                0x0010b05c                OS_StrLen
                0x0010b07c                OS_TaskStatStkChk
                0x0010b100                OS_Sched
                0x0010b1b8                OSStart
                0x0010b224                OSInit
                0x0010b404                OSEventNameGet
                0x0010b4bc                OSEventPendMulti
                0x0010b814                OSIntEnter
                0x0010b850                OSSchedLock
                0x0010b894                OSSchedUnlock
                0x0010b8e8                OSStatInit
                0x0010b94c                OSTimeTick
                0x0010ba58                OS_TaskIdle
                0x0010ba88                OS_TaskStat
                0x0010bb0c                OS_TCBInit
                0x0010bc90                OSIntExit
                0x0010bd64                OSEventNameSet
 .text          0x0010be20        0x4 ../bsp//libucosii_bsp.a(os_dbg.o)
                0x0010be20                OSDebugInit
 .text          0x0010be24      0xc5c ../bsp//libucosii_bsp.a(os_flag.o)
                0x0010bedc                OS_FlagUnlink
                0x0010bfa8                OS_FlagInit
                0x0010c018                OSFlagQuery
                0x0010c074                OSFlagAccept
                0x0010c1e4                OSFlagCreate
                0x0010c26c                OSFlagDel
                0x0010c3cc                OSFlagNameGet
                0x0010c48c                OSFlagNameSet
                0x0010c560                OSFlagPend
                0x0010c860                OSFlagPendGetFlagsRdy
                0x0010c88c                OSFlagPost
 .text          0x0010ca80      0x67c ../bsp//libucosii_bsp.a(os_mbox.o)
                0x0010ca80                OSMboxQuery
                0x0010cafc                OSMboxAccept
                0x0010cb34                OSMboxCreate
                0x0010cbc0                OSMboxDel
                0x0010cd08                OSMboxPend
                0x0010ce98                OSMboxPendAbort
                0x0010cf7c                OSMboxPost
                0x0010d018                OSMboxPostOpt
 .text          0x0010d0fc      0x3b8 ../bsp//libucosii_bsp.a(os_mem.o)
                0x0010d0fc                OS_MemInit
                0x0010d164                OSMemQuery
                0x0010d1c8                OSMemCreate
                0x0010d298                OSMemGet
                0x0010d304                OSMemNameGet
                0x0010d3a0                OSMemNameSet
                0x0010d45c                OSMemPut
 .text          0x0010d4b4      0x9c4 ../bsp//libucosii_bsp.a(os_q.o)
                0x0010d4b4                OS_QInit
                0x0010d504                OSQQuery
                0x0010d59c                OSQAccept
                0x0010d638                OSQCreate
                0x0010d738                OSQDel
                0x0010d8bc                OSQFlush
                0x0010d90c                OSQPend
                0x0010dacc                OSQPendAbort
                0x0010dbb4                OSQPost
                0x0010dc70                OSQPostFront
                0x0010dd34                OSQPostOpt
 .text          0x0010de78      0x5e0 ../bsp//libucosii_bsp.a(os_sem.o)
                0x0010de78                OSSemSet
                0x0010dedc                OSSemAccept
                0x0010df20                OSSemCreate
                0x0010dfac                OSSemDel
                0x0010e100                OSSemPend
                0x0010e268                OSSemPendAbort
                0x0010e354                OSSemPost
                0x0010e3f0                OSSemQuery
 .text          0x0010e458      0xe74 ../bsp//libucosii_bsp.a(os_task.o)
                0x0010e458                OS_TaskStkClr
                0x0010e488                OSTaskQuery
                0x0010e550                OSTaskChangePrio
                0x0010e7ec                OSTaskCreate
                0x0010e8f8                OSTaskCreateExt
                0x0010ea70                OSTaskDel
                0x0010ecbc                OSTaskDelReq
                0x0010ed70                OSTaskNameGet
                0x0010ee78                OSTaskNameSet
                0x0010ef94                OSTaskResume
                0x0010f098                OSTaskStkChk
                0x0010f188                OSTaskSuspend
 .text          0x0010f2cc      0x378 ../bsp//libucosii_bsp.a(os_time.o)
                0x0010f2cc                OSTimeSet
                0x0010f2f0                OSTimeDly
                0x0010f388                OSTimeDlyHMSM
                0x0010f528                OSTimeDlyResume
                0x0010f620                OSTimeGet
 .text          0x0010f644      0xb94 ../bsp//libucosii_bsp.a(os_tmr.o)
                0x0010f7b0                OSTmr_Init
                0x0010fa0c                OSTmrStop
                0x0010fb68                OSTmrStart
                0x0010fc6c                OSTmrStateGet
                0x0010fd14                OSTmrRemainGet
                0x0010fe2c                OSTmrDel
                0x0010ff28                OSTmrSignal
                0x0010ff50                OSTmrNameGet
                0x0011003c                OSTmrCreate
 .text          0x001101d8       0x9c ../bsp//libucosii_bsp.a(alt_sys_init.o)
                0x001101e4                alt_sys_init
                0x00110254                alt_irq_init
 .text          0x00110274       0x3c ../bsp//libucosii_bsp.a(altera_avalon_jtag_uart_fd.o)
                0x00110274                altera_avalon_jtag_uart_ioctl_fd
                0x00110280                altera_avalon_jtag_uart_close_fd
                0x00110290                altera_avalon_jtag_uart_write_fd
                0x001102a0                altera_avalon_jtag_uart_read_fd
 .text          0x001102b0      0x2f4 ../bsp//libucosii_bsp.a(altera_avalon_jtag_uart_init.o)
                0x001102b0                altera_avalon_jtag_uart_close
                0x00110370                altera_avalon_jtag_uart_init
 .text          0x001105a4       0x7c ../bsp//libucosii_bsp.a(altera_avalon_jtag_uart_ioctl.o)
                0x001105a4                altera_avalon_jtag_uart_ioctl
 .text          0x00110620      0x1ac ../bsp//libucosii_bsp.a(altera_avalon_jtag_uart_read.o)
                0x00110620                altera_avalon_jtag_uart_read
 .text          0x001107cc      0x1b8 ../bsp//libucosii_bsp.a(altera_avalon_jtag_uart_write.o)
                0x001107cc                altera_avalon_jtag_uart_write
 .text          0x00110984       0x8c ../bsp//libucosii_bsp.a(altera_avalon_timer_sc.o)
                0x00110984                alt_avalon_timer_sc_init
 .text          0x00110a10      0x250 ../bsp//libucosii_bsp.a(altera_up_avalon_character_lcd.o)
                0x00110a10                get_DDRAM_addr
                0x00110a28                alt_up_character_lcd_string
                0x00110a44                alt_up_character_lcd_write
                0x00110a68                alt_up_character_lcd_write_fd
                0x00110a88                alt_up_character_lcd_init
                0x00110a98                alt_up_character_lcd_send_cmd
                0x00110aa8                alt_up_character_lcd_cursor_blink_on
                0x00110ab0                alt_up_character_lcd_cursor_off
                0x00110ab8                alt_up_character_lcd_erase_pos
                0x00110b1c                alt_up_character_lcd_shift_display
                0x00110b8c                alt_up_character_lcd_shift_cursor
                0x00110bfc                alt_up_character_lcd_set_cursor_pos
                0x00110c54                alt_up_character_lcd_open_dev
 .text          0x00110c60        0x4 ../bsp//libucosii_bsp.a(alt_dcache_flush_all.o)
                0x00110c60                alt_dcache_flush_all
 .text          0x00110c64       0x70 ../bsp//libucosii_bsp.a(alt_dev_llist_insert.o)
                0x00110c64                alt_dev_llist_insert
 .text          0x00110cd4       0x40 ../bsp//libucosii_bsp.a(alt_do_ctors.o)
                0x00110cd4                _do_ctors
 .text          0x00110d14       0x40 ../bsp//libucosii_bsp.a(alt_do_dtors.o)
                0x00110d14                _do_dtors
 .text          0x00110d54       0x70 ../bsp//libucosii_bsp.a(alt_find_dev.o)
                0x00110d54                alt_find_dev
 .text          0x00110dc4        0x4 ../bsp//libucosii_bsp.a(alt_icache_flush_all.o)
                0x00110dc4                alt_icache_flush_all
 .text          0x00110dc8       0x9c ../bsp//libucosii_bsp.a(alt_iic.o)
                0x00110dc8                alt_ic_irq_enabled
                0x00110de0                alt_ic_irq_enable
                0x00110e20                alt_ic_irq_disable
                0x00110e60                alt_ic_isr_register
 .text          0x00110e64       0x6c ../bsp//libucosii_bsp.a(alt_iic_isr_register.o)
                0x00110e64                alt_iic_isr_register
 .text          0x00110ed0      0x114 ../bsp//libucosii_bsp.a(alt_io_redirect.o)
                0x00110f58                alt_io_redirect
 .text          0x00110fe4        0x0 ../bsp//libucosii_bsp.a(alt_irq_entry.o)
 .text          0x00110fe4        0x0 ../bsp//libucosii_bsp.a(alt_irq_handler.o)
 .text          0x00110fe4        0x0 ../bsp//libucosii_bsp.a(alt_irq_vars.o)
 .text          0x00110fe4      0x17c ../bsp//libucosii_bsp.a(alt_open.o)
                0x00110fe4                open
 .text          0x00111160        0x8 ../bsp//libucosii_bsp.a(altera_nios2_qsys_irq.o)
                0x00111160                altera_nios2_qsys_irq_init
 .text          0x00111168       0xd0 ../bsp//libucosii_bsp.a(os_cpu_a.o)
                0x00111168                OSCtxSw
                0x00111168                OSIntCtxSw
                0x001111f4                OSStartHighRdy
                0x00111214                OSStartTsk
 .text          0x00111238      0x228 ../bsp//libucosii_bsp.a(os_cpu_c.o)
                0x00111238                OSTaskCreateHook
                0x0011123c                OSTaskDelHook
                0x00111240                OSTaskSwHook
                0x00111244                OSTaskStatHook
                0x00111248                OSInitHookBegin
                0x00111250                OSInitHookEnd
                0x00111254                OSTaskIdleHook
                0x00111258                OSTCBInitHook
                0x0011125c                OSTimeTickHook
                0x001112b4                OSTaskStkInit
 .text          0x00111460        0x0 ../bsp//libucosii_bsp.a(alt_exception_entry.o)
 .text          0x00111460       0x9c ../bsp//libucosii_bsp.a(alt_find_file.o)
                0x00111460                alt_find_file
 .text          0x001114fc       0xa4 ../bsp//libucosii_bsp.a(alt_get_fd.o)
                0x001114fc                alt_get_fd
 .text          0x001115a0       0x14 /opt/altera/13.0sp1/nios2eds/bin/gnu/H-i686-pc-linux-gnu/bin/../lib/gcc/nios2-elf/4.1.2/../../../../nios2-elf/lib/mno-hw-mul/libc.a(lib_a-atexit.o)
                0x001115a0                atexit
 .text          0x001115b4       0x38 /opt/altera/13.0sp1/nios2eds/bin/gnu/H-i686-pc-linux-gnu/bin/../lib/gcc/nios2-elf/4.1.2/../../../../nios2-elf/lib/mno-hw-mul/libc.a(lib_a-exit.o)
                0x001115b4                exit
 .text          0x001115ec       0x74 /opt/altera/13.0sp1/nios2eds/bin/gnu/H-i686-pc-linux-gnu/bin/../lib/gcc/nios2-elf/4.1.2/../../../../nios2-elf/lib/mno-hw-mul/libc.a(lib_a-memcmp.o)
                0x001115ec                memcmp
 .text          0x00111660      0x134 /opt/altera/13.0sp1/nios2eds/bin/gnu/H-i686-pc-linux-gnu/bin/../lib/gcc/nios2-elf/4.1.2/../../../../nios2-elf/lib/mno-hw-mul/libc.a(lib_a-__atexit.o)
                0x00111660                __register_exitproc
 .text          0x00111794      0x1b4 /opt/altera/13.0sp1/nios2eds/bin/gnu/H-i686-pc-linux-gnu/bin/../lib/gcc/nios2-elf/4.1.2/../../../../nios2-elf/lib/mno-hw-mul/libc.a(lib_a-__call_atexit.o)
                0x00111798                __call_exitprocs
 .text          0x00111948       0xa4 /opt/altera/13.0sp1/nios2eds/bin/gnu/H-i686-pc-linux-gnu/bin/../lib/gcc/nios2-elf/4.1.2/mno-hw-mul/libgcc.a(_fixunsdfsi.o)
                0x00111948                __fixunsdfsi
 .text          0x001119ec       0x20 ../bsp//libucosii_bsp.a(alt_exit.o)
                0x001119ec                _exit
 *(.gnu.warning.*)
 *(.fini)
                0x00111a0c                PROVIDE (__etext, ABSOLUTE (.))
                0x00111a0c                PROVIDE (_etext, ABSOLUTE (.))
                0x00111a0c                PROVIDE (etext, ABSOLUTE (.))
 *(.eh_frame_hdr)
                0x00111a0c                . = ALIGN (0x4)
                0x00111a0c                PROVIDE (__preinit_array_start, ABSOLUTE (.))
 *(.preinit_array)
                0x00111a0c                PROVIDE (__preinit_array_end, ABSOLUTE (.))
                0x00111a0c                PROVIDE (__init_array_start, ABSOLUTE (.))
 *(.init_array)
                0x00111a0c                PROVIDE (__init_array_end, ABSOLUTE (.))
                0x00111a0c                PROVIDE (__fini_array_start, ABSOLUTE (.))
 *(.fini_array)
                0x00111a0c                PROVIDE (__fini_array_end, ABSOLUTE (.))
 *(.eh_frame)
 *(.gcc_except_table)
 *(.dynamic)
                0x00111a0c                PROVIDE (__CTOR_LIST__, ABSOLUTE (.))
 *(.ctors)
 *(SORT(.ctors.*))
 .ctors.65535   0x00111a0c        0x4 /opt/altera/13.0sp1/nios2eds/bin/gnu/H-i686-pc-linux-gnu/bin/../lib/gcc/nios2-elf/4.1.2/../../../../nios2-elf/lib/mno-hw-mul/libc.a(lib_a-__call_atexit.o)
                0x00111a10                PROVIDE (__CTOR_END__, ABSOLUTE (.))
                0x00111a10                PROVIDE (__DTOR_LIST__, ABSOLUTE (.))
 *(.dtors)
 *(SORT(.dtors.*))
                0x00111a10                PROVIDE (__DTOR_END__, ABSOLUTE (.))
 *(.jcr)
                0x00111a10                . = ALIGN (0x4)

.rodata         0x00111a10      0x57c
                0x00111a10                PROVIDE (__ram_rodata_start, ABSOLUTE (.))
                0x00111a10                . = ALIGN (0x4)
 *(.rodata .rodata.* .gnu.linkonce.r.*)
 .rodata        0x00111a10       0xe4 obj/default/cruise_skeleton.o
 .rodata        0x00111af4       0x14 /opt/altera/13.0sp1/nios2eds/bin/gnu/H-i686-pc-linux-gnu/bin/../lib/gcc/nios2-elf/4.1.2/mno-hw-mul/libgcc.a(_thenan_df.o)
                0x00111af4                __thenan_df
 .rodata        0x00111b08      0x100 /opt/altera/13.0sp1/nios2eds/bin/gnu/H-i686-pc-linux-gnu/bin/../lib/gcc/nios2-elf/4.1.2/mno-hw-mul/libgcc.a(_clz.o)
                0x00111b08                __clz_tab
 .rodata.str1.4
                0x00111c08        0x2 /opt/altera/13.0sp1/nios2eds/bin/gnu/H-i686-pc-linux-gnu/bin/../lib/gcc/nios2-elf/4.1.2/../../../../nios2-elf/lib/mno-hw-mul/libc.a(lib_a-puts.o)
                                  0x4 (size before relaxing)
 *fill*         0x00111c0a        0x2 00
 .rodata.str1.4
                0x00111c0c       0x5e /opt/altera/13.0sp1/nios2eds/bin/gnu/H-i686-pc-linux-gnu/bin/../lib/gcc/nios2-elf/4.1.2/../../../../nios2-elf/lib/mno-hw-mul/libc.a(lib_a-vfprintf.o)
                                 0x60 (size before relaxing)
 .rodata        0x00111c6a       0x20 /opt/altera/13.0sp1/nios2eds/bin/gnu/H-i686-pc-linux-gnu/bin/../lib/gcc/nios2-elf/4.1.2/../../../../nios2-elf/lib/mno-hw-mul/libc.a(lib_a-vfprintf.o)
 *fill*         0x00111c8a        0x2 00
 .rodata.str1.4
                0x00111c8c       0x10 /opt/altera/13.0sp1/nios2eds/bin/gnu/H-i686-pc-linux-gnu/bin/../lib/gcc/nios2-elf/4.1.2/../../../../nios2-elf/lib/mno-hw-mul/libc.a(lib_a-dtoa.o)
                                 0x14 (size before relaxing)
 .rodata.str1.4
                0x00111c9c        0x2 /opt/altera/13.0sp1/nios2eds/bin/gnu/H-i686-pc-linux-gnu/bin/../lib/gcc/nios2-elf/4.1.2/../../../../nios2-elf/lib/mno-hw-mul/libc.a(lib_a-impure.o)
                                  0x4 (size before relaxing)
 *fill*         0x00111c9e        0x2 00
 .rodata.str1.4
                0x00111ca0        0xf /opt/altera/13.0sp1/nios2eds/bin/gnu/H-i686-pc-linux-gnu/bin/../lib/gcc/nios2-elf/4.1.2/../../../../nios2-elf/lib/mno-hw-mul/libc.a(lib_a-locale.o)
                                 0x18 (size before relaxing)
 *fill*         0x00111caf        0x1 00
 .rodata        0x00111cb0       0x30 /opt/altera/13.0sp1/nios2eds/bin/gnu/H-i686-pc-linux-gnu/bin/../lib/gcc/nios2-elf/4.1.2/../../../../nios2-elf/lib/mno-hw-mul/libc.a(lib_a-locale.o)
 .rodata        0x00111ce0      0x124 /opt/altera/13.0sp1/nios2eds/bin/gnu/H-i686-pc-linux-gnu/bin/../lib/gcc/nios2-elf/4.1.2/../../../../nios2-elf/lib/mno-hw-mul/libc.a(lib_a-mprec.o)
                0x00111ce0                __mprec_tens
                0x00111da8                __mprec_bigtens
                0x00111dd0                __mprec_tinytens
 .rodata.str1.4
                0x00111e04        0xa ../bsp//libucosii_bsp.a(alt_dev.o)
                                  0xc (size before relaxing)
 *fill*         0x00111e0e        0x2 00
 .rodata.str1.4
                0x00111e10       0x11 ../bsp//libucosii_bsp.a(alt_main.o)
                                 0x14 (size before relaxing)
 *fill*         0x00111e21        0x3 00
 .rodata.str1.4
                0x00111e24       0x1e ../bsp//libucosii_bsp.a(os_core.o)
                                 0x20 (size before relaxing)
 .rodata        0x00111e42      0x100 ../bsp//libucosii_bsp.a(os_core.o)
                0x00111e42                OSUnMapTbl
 *fill*         0x00111f42        0x2 00
 .rodata.str1.4
                0x00111f44       0x35 ../bsp//libucosii_bsp.a(os_tmr.o)
                                 0x38 (size before relaxing)
 *fill*         0x00111f79        0x3 00
 .rodata.str1.4
                0x00111f7c       0x10 ../bsp//libucosii_bsp.a(alt_sys_init.o)
                                 0x24 (size before relaxing)
 .rodata.str1.4
                0x00000000        0x4 ../bsp//libucosii_bsp.a(os_cpu_c.o)
 *(.rodata1)
                0x00111f8c                . = ALIGN (0x4)
                0x00111f8c                PROVIDE (__ram_rodata_end, ABSOLUTE (.))
                0x00111a10                PROVIDE (__flash_rodata_start, LOADADDR (.rodata))

.rwdata         0x00111f8c     0x1b3c load address 0x00113ac8
                0x00111f8c                PROVIDE (__ram_rwdata_start, ABSOLUTE (.))
                0x00111f8c                . = ALIGN (0x4)
 *(.got.plt)
 *(.got)
 *(.data1)
 *(.data .data.* .gnu.linkonce.d.*)
 .data          0x00111f8c        0x0 ../bsp//obj/HAL/src/crt0.o
 .data          0x00111f8c       0x2c obj/default/cruise_skeleton.o
 .data          0x00111fb8        0x0 /opt/altera/13.0sp1/nios2eds/bin/gnu/H-i686-pc-linux-gnu/bin/../lib/gcc/nios2-elf/4.1.2/mno-hw-mul/libgcc.a(_addsub_df.o)
 .data          0x00111fb8        0x0 /opt/altera/13.0sp1/nios2eds/bin/gnu/H-i686-pc-linux-gnu/bin/../lib/gcc/nios2-elf/4.1.2/mno-hw-mul/libgcc.a(_div_df.o)
 .data          0x00111fb8        0x0 /opt/altera/13.0sp1/nios2eds/bin/gnu/H-i686-pc-linux-gnu/bin/../lib/gcc/nios2-elf/4.1.2/mno-hw-mul/libgcc.a(_si_to_df.o)
 .data          0x00111fb8        0x0 /opt/altera/13.0sp1/nios2eds/bin/gnu/H-i686-pc-linux-gnu/bin/../lib/gcc/nios2-elf/4.1.2/mno-hw-mul/libgcc.a(_df_to_si.o)
 .data          0x00111fb8        0x0 /opt/altera/13.0sp1/nios2eds/bin/gnu/H-i686-pc-linux-gnu/bin/../lib/gcc/nios2-elf/4.1.2/mno-hw-mul/libgcc.a(_thenan_df.o)
 .data          0x00111fb8        0x0 /opt/altera/13.0sp1/nios2eds/bin/gnu/H-i686-pc-linux-gnu/bin/../lib/gcc/nios2-elf/4.1.2/mno-hw-mul/libgcc.a(lib2-divmod.o)
 .data          0x00111fb8        0x0 /opt/altera/13.0sp1/nios2eds/bin/gnu/H-i686-pc-linux-gnu/bin/../lib/gcc/nios2-elf/4.1.2/mno-hw-mul/libgcc.a(lib2-mul.o)
 .data          0x00111fb8        0x0 /opt/altera/13.0sp1/nios2eds/bin/gnu/H-i686-pc-linux-gnu/bin/../lib/gcc/nios2-elf/4.1.2/mno-hw-mul/libgcc.a(_clzsi2.o)
 .data          0x00111fb8        0x0 /opt/altera/13.0sp1/nios2eds/bin/gnu/H-i686-pc-linux-gnu/bin/../lib/gcc/nios2-elf/4.1.2/mno-hw-mul/libgcc.a(_pack_df.o)
 .data          0x00111fb8        0x0 /opt/altera/13.0sp1/nios2eds/bin/gnu/H-i686-pc-linux-gnu/bin/../lib/gcc/nios2-elf/4.1.2/mno-hw-mul/libgcc.a(_unpack_df.o)
 .data          0x00111fb8        0x0 /opt/altera/13.0sp1/nios2eds/bin/gnu/H-i686-pc-linux-gnu/bin/../lib/gcc/nios2-elf/4.1.2/mno-hw-mul/libgcc.a(_clz.o)
 .data          0x00111fb8        0x0 /opt/altera/13.0sp1/nios2eds/bin/gnu/H-i686-pc-linux-gnu/bin/../lib/gcc/nios2-elf/4.1.2/../../../../nios2-elf/lib/mno-hw-mul/libc.a(lib_a-printf.o)
 .data          0x00111fb8        0x0 /opt/altera/13.0sp1/nios2eds/bin/gnu/H-i686-pc-linux-gnu/bin/../lib/gcc/nios2-elf/4.1.2/../../../../nios2-elf/lib/mno-hw-mul/libc.a(lib_a-puts.o)
 .data          0x00111fb8        0x0 /opt/altera/13.0sp1/nios2eds/bin/gnu/H-i686-pc-linux-gnu/bin/../lib/gcc/nios2-elf/4.1.2/../../../../nios2-elf/lib/mno-hw-mul/libc.a(lib_a-strlen.o)
 .data          0x00111fb8        0x0 /opt/altera/13.0sp1/nios2eds/bin/gnu/H-i686-pc-linux-gnu/bin/../lib/gcc/nios2-elf/4.1.2/../../../../nios2-elf/lib/mno-hw-mul/libc.a(lib_a-vfprintf.o)
 .data          0x00111fb8        0x0 /opt/altera/13.0sp1/nios2eds/bin/gnu/H-i686-pc-linux-gnu/bin/../lib/gcc/nios2-elf/4.1.2/../../../../nios2-elf/lib/mno-hw-mul/libc.a(lib_a-wsetup.o)
 .data          0x00111fb8        0x0 /opt/altera/13.0sp1/nios2eds/bin/gnu/H-i686-pc-linux-gnu/bin/../lib/gcc/nios2-elf/4.1.2/../../../../nios2-elf/lib/mno-hw-mul/libc.a(lib_a-dtoa.o)
 .data          0x00111fb8        0x0 /opt/altera/13.0sp1/nios2eds/bin/gnu/H-i686-pc-linux-gnu/bin/../lib/gcc/nios2-elf/4.1.2/../../../../nios2-elf/lib/mno-hw-mul/libc.a(lib_a-fflush.o)
 .data          0x00111fb8        0x0 /opt/altera/13.0sp1/nios2eds/bin/gnu/H-i686-pc-linux-gnu/bin/../lib/gcc/nios2-elf/4.1.2/../../../../nios2-elf/lib/mno-hw-mul/libc.a(lib_a-findfp.o)
 .data          0x00111fb8        0x0 /opt/altera/13.0sp1/nios2eds/bin/gnu/H-i686-pc-linux-gnu/bin/../lib/gcc/nios2-elf/4.1.2/../../../../nios2-elf/lib/mno-hw-mul/libc.a(lib_a-freer.o)
 .data          0x00111fb8        0x0 /opt/altera/13.0sp1/nios2eds/bin/gnu/H-i686-pc-linux-gnu/bin/../lib/gcc/nios2-elf/4.1.2/../../../../nios2-elf/lib/mno-hw-mul/libc.a(lib_a-fvwrite.o)
 .data          0x00111fb8        0x0 /opt/altera/13.0sp1/nios2eds/bin/gnu/H-i686-pc-linux-gnu/bin/../lib/gcc/nios2-elf/4.1.2/../../../../nios2-elf/lib/mno-hw-mul/libc.a(lib_a-fwalk.o)
 .data          0x00111fb8      0x400 /opt/altera/13.0sp1/nios2eds/bin/gnu/H-i686-pc-linux-gnu/bin/../lib/gcc/nios2-elf/4.1.2/../../../../nios2-elf/lib/mno-hw-mul/libc.a(lib_a-impure.o)
 .data          0x001123b8        0xc /opt/altera/13.0sp1/nios2eds/bin/gnu/H-i686-pc-linux-gnu/bin/../lib/gcc/nios2-elf/4.1.2/../../../../nios2-elf/lib/mno-hw-mul/libc.a(lib_a-locale.o)
                0x001123b8                __lc_ctype
 .data          0x001123c4        0x0 /opt/altera/13.0sp1/nios2eds/bin/gnu/H-i686-pc-linux-gnu/bin/../lib/gcc/nios2-elf/4.1.2/../../../../nios2-elf/lib/mno-hw-mul/libc.a(lib_a-makebuf.o)
 .data          0x001123c4      0x408 /opt/altera/13.0sp1/nios2eds/bin/gnu/H-i686-pc-linux-gnu/bin/../lib/gcc/nios2-elf/4.1.2/../../../../nios2-elf/lib/mno-hw-mul/libc.a(lib_a-mallocr.o)
                0x001123c4                __malloc_av_
 .data          0x001127cc        0x0 /opt/altera/13.0sp1/nios2eds/bin/gnu/H-i686-pc-linux-gnu/bin/../lib/gcc/nios2-elf/4.1.2/../../../../nios2-elf/lib/mno-hw-mul/libc.a(lib_a-memchr.o)
 .data          0x001127cc        0x0 /opt/altera/13.0sp1/nios2eds/bin/gnu/H-i686-pc-linux-gnu/bin/../lib/gcc/nios2-elf/4.1.2/../../../../nios2-elf/lib/mno-hw-mul/libc.a(lib_a-memcpy.o)
 .data          0x001127cc        0x0 /opt/altera/13.0sp1/nios2eds/bin/gnu/H-i686-pc-linux-gnu/bin/../lib/gcc/nios2-elf/4.1.2/../../../../nios2-elf/lib/mno-hw-mul/libc.a(lib_a-memmove.o)
 .data          0x001127cc        0x0 /opt/altera/13.0sp1/nios2eds/bin/gnu/H-i686-pc-linux-gnu/bin/../lib/gcc/nios2-elf/4.1.2/../../../../nios2-elf/lib/mno-hw-mul/libc.a(lib_a-memset.o)
 .data          0x001127cc        0x0 /opt/altera/13.0sp1/nios2eds/bin/gnu/H-i686-pc-linux-gnu/bin/../lib/gcc/nios2-elf/4.1.2/../../../../nios2-elf/lib/mno-hw-mul/libc.a(lib_a-mprec.o)
 .data          0x001127cc        0x0 /opt/altera/13.0sp1/nios2eds/bin/gnu/H-i686-pc-linux-gnu/bin/../lib/gcc/nios2-elf/4.1.2/../../../../nios2-elf/lib/mno-hw-mul/libc.a(lib_a-reallocr.o)
 .data          0x001127cc        0x0 /opt/altera/13.0sp1/nios2eds/bin/gnu/H-i686-pc-linux-gnu/bin/../lib/gcc/nios2-elf/4.1.2/../../../../nios2-elf/lib/mno-hw-mul/libc.a(lib_a-s_isinfd.o)
 .data          0x001127cc        0x0 /opt/altera/13.0sp1/nios2eds/bin/gnu/H-i686-pc-linux-gnu/bin/../lib/gcc/nios2-elf/4.1.2/../../../../nios2-elf/lib/mno-hw-mul/libc.a(lib_a-s_isnand.o)
 .data          0x001127cc        0x0 /opt/altera/13.0sp1/nios2eds/bin/gnu/H-i686-pc-linux-gnu/bin/../lib/gcc/nios2-elf/4.1.2/../../../../nios2-elf/lib/mno-hw-mul/libc.a(lib_a-sbrkr.o)
 .data          0x001127cc        0x0 /opt/altera/13.0sp1/nios2eds/bin/gnu/H-i686-pc-linux-gnu/bin/../lib/gcc/nios2-elf/4.1.2/../../../../nios2-elf/lib/mno-hw-mul/libc.a(lib_a-stdio.o)
 .data          0x001127cc        0x0 /opt/altera/13.0sp1/nios2eds/bin/gnu/H-i686-pc-linux-gnu/bin/../lib/gcc/nios2-elf/4.1.2/../../../../nios2-elf/lib/mno-hw-mul/libc.a(lib_a-strcmp.o)
 .data          0x001127cc        0x0 /opt/altera/13.0sp1/nios2eds/bin/gnu/H-i686-pc-linux-gnu/bin/../lib/gcc/nios2-elf/4.1.2/../../../../nios2-elf/lib/mno-hw-mul/libc.a(lib_a-writer.o)
 .data          0x001127cc        0x0 /opt/altera/13.0sp1/nios2eds/bin/gnu/H-i686-pc-linux-gnu/bin/../lib/gcc/nios2-elf/4.1.2/../../../../nios2-elf/lib/mno-hw-mul/libc.a(lib_a-callocr.o)
 .data          0x001127cc        0x0 /opt/altera/13.0sp1/nios2eds/bin/gnu/H-i686-pc-linux-gnu/bin/../lib/gcc/nios2-elf/4.1.2/../../../../nios2-elf/lib/mno-hw-mul/libc.a(lib_a-closer.o)
 .data          0x001127cc        0x0 /opt/altera/13.0sp1/nios2eds/bin/gnu/H-i686-pc-linux-gnu/bin/../lib/gcc/nios2-elf/4.1.2/../../../../nios2-elf/lib/mno-hw-mul/libc.a(lib_a-fclose.o)
 .data          0x001127cc        0x0 /opt/altera/13.0sp1/nios2eds/bin/gnu/H-i686-pc-linux-gnu/bin/../lib/gcc/nios2-elf/4.1.2/../../../../nios2-elf/lib/mno-hw-mul/libc.a(lib_a-fstatr.o)
 .data          0x001127cc        0x0 /opt/altera/13.0sp1/nios2eds/bin/gnu/H-i686-pc-linux-gnu/bin/../lib/gcc/nios2-elf/4.1.2/../../../../nios2-elf/lib/mno-hw-mul/libc.a(lib_a-int_errno.o)
 .data          0x001127cc        0x0 /opt/altera/13.0sp1/nios2eds/bin/gnu/H-i686-pc-linux-gnu/bin/../lib/gcc/nios2-elf/4.1.2/../../../../nios2-elf/lib/mno-hw-mul/libc.a(lib_a-isattyr.o)
 .data          0x001127cc        0x0 /opt/altera/13.0sp1/nios2eds/bin/gnu/H-i686-pc-linux-gnu/bin/../lib/gcc/nios2-elf/4.1.2/../../../../nios2-elf/lib/mno-hw-mul/libc.a(lib_a-lseekr.o)
 .data          0x001127cc        0x0 /opt/altera/13.0sp1/nios2eds/bin/gnu/H-i686-pc-linux-gnu/bin/../lib/gcc/nios2-elf/4.1.2/../../../../nios2-elf/lib/mno-hw-mul/libc.a(lib_a-readr.o)
 .data          0x001127cc        0x0 /opt/altera/13.0sp1/nios2eds/bin/gnu/H-i686-pc-linux-gnu/bin/../lib/gcc/nios2-elf/4.1.2/mno-hw-mul/libgcc.a(_udivdi3.o)
 .data          0x001127cc        0x0 /opt/altera/13.0sp1/nios2eds/bin/gnu/H-i686-pc-linux-gnu/bin/../lib/gcc/nios2-elf/4.1.2/mno-hw-mul/libgcc.a(_umoddi3.o)
 .data          0x001127cc        0x0 /opt/altera/13.0sp1/nios2eds/bin/gnu/H-i686-pc-linux-gnu/bin/../lib/gcc/nios2-elf/4.1.2/mno-hw-mul/libgcc.a(_mul_df.o)
 .data          0x001127cc        0x0 /opt/altera/13.0sp1/nios2eds/bin/gnu/H-i686-pc-linux-gnu/bin/../lib/gcc/nios2-elf/4.1.2/mno-hw-mul/libgcc.a(_eq_df.o)
 .data          0x001127cc        0x0 /opt/altera/13.0sp1/nios2eds/bin/gnu/H-i686-pc-linux-gnu/bin/../lib/gcc/nios2-elf/4.1.2/mno-hw-mul/libgcc.a(_ne_df.o)
 .data          0x001127cc        0x0 /opt/altera/13.0sp1/nios2eds/bin/gnu/H-i686-pc-linux-gnu/bin/../lib/gcc/nios2-elf/4.1.2/mno-hw-mul/libgcc.a(_gt_df.o)
 .data          0x001127cc        0x0 /opt/altera/13.0sp1/nios2eds/bin/gnu/H-i686-pc-linux-gnu/bin/../lib/gcc/nios2-elf/4.1.2/mno-hw-mul/libgcc.a(_ge_df.o)
 .data          0x001127cc        0x0 /opt/altera/13.0sp1/nios2eds/bin/gnu/H-i686-pc-linux-gnu/bin/../lib/gcc/nios2-elf/4.1.2/mno-hw-mul/libgcc.a(_lt_df.o)
 .data          0x001127cc        0x0 /opt/altera/13.0sp1/nios2eds/bin/gnu/H-i686-pc-linux-gnu/bin/../lib/gcc/nios2-elf/4.1.2/mno-hw-mul/libgcc.a(_usi_to_df.o)
 .data          0x001127cc        0x0 /opt/altera/13.0sp1/nios2eds/bin/gnu/H-i686-pc-linux-gnu/bin/../lib/gcc/nios2-elf/4.1.2/mno-hw-mul/libgcc.a(_muldi3.o)
 .data          0x001127cc        0x0 /opt/altera/13.0sp1/nios2eds/bin/gnu/H-i686-pc-linux-gnu/bin/../lib/gcc/nios2-elf/4.1.2/mno-hw-mul/libgcc.a(_fpcmp_parts_df.o)
 .data          0x001127cc        0x0 ../bsp//libucosii_bsp.a(alt_alarm_start.o)
 .data          0x001127cc        0x0 ../bsp//libucosii_bsp.a(alt_close.o)
 .data          0x001127cc      0x1a8 ../bsp//libucosii_bsp.a(alt_dev.o)
                0x001127cc                alt_dev_null
                0x001127f4                alt_fd_list
 .data          0x00112974        0x0 ../bsp//libucosii_bsp.a(alt_errno.o)
 .data          0x00112974        0x0 ../bsp//libucosii_bsp.a(alt_fstat.o)
 .data          0x00112974        0x0 ../bsp//libucosii_bsp.a(alt_isatty.o)
 .data          0x00112974        0x0 ../bsp//libucosii_bsp.a(alt_load.o)
 .data          0x00112974        0x0 ../bsp//libucosii_bsp.a(alt_lseek.o)
 .data          0x00112974        0x0 ../bsp//libucosii_bsp.a(alt_main.o)
 .data          0x00112974        0x0 ../bsp//libucosii_bsp.a(alt_read.o)
 .data          0x00112974        0x0 ../bsp//libucosii_bsp.a(alt_release_fd.o)
 .data          0x00112974        0x0 ../bsp//libucosii_bsp.a(alt_sbrk.o)
 .data          0x00112974        0x0 ../bsp//libucosii_bsp.a(alt_tick.o)
 .data          0x00112974        0x0 ../bsp//libucosii_bsp.a(alt_write.o)
 .data          0x00112974        0x0 ../bsp//libucosii_bsp.a(alt_env_lock.o)
 .data          0x00112974        0x0 ../bsp//libucosii_bsp.a(alt_malloc_lock.o)
 .data          0x00112974        0x0 ../bsp//libucosii_bsp.a(os_core.o)
 .data          0x00112974        0x0 ../bsp//libucosii_bsp.a(os_dbg.o)
 .data          0x00112974        0x0 ../bsp//libucosii_bsp.a(os_flag.o)
 .data          0x00112974        0x0 ../bsp//libucosii_bsp.a(os_mbox.o)
 .data          0x00112974        0x0 ../bsp//libucosii_bsp.a(os_mem.o)
 .data          0x00112974        0x0 ../bsp//libucosii_bsp.a(os_q.o)
 .data          0x00112974        0x0 ../bsp//libucosii_bsp.a(os_sem.o)
 .data          0x00112974        0x0 ../bsp//libucosii_bsp.a(os_task.o)
 .data          0x00112974        0x0 ../bsp//libucosii_bsp.a(os_time.o)
 .data          0x00112974        0x0 ../bsp//libucosii_bsp.a(os_tmr.o)
 .data          0x00112974     0x1098 ../bsp//libucosii_bsp.a(alt_sys_init.o)
 .data          0x00113a0c        0x0 ../bsp//libucosii_bsp.a(altera_avalon_jtag_uart_fd.o)
 .data          0x00113a0c        0x0 ../bsp//libucosii_bsp.a(altera_avalon_jtag_uart_init.o)
 .data          0x00113a0c        0x0 ../bsp//libucosii_bsp.a(altera_avalon_jtag_uart_ioctl.o)
 .data          0x00113a0c        0x0 ../bsp//libucosii_bsp.a(altera_avalon_jtag_uart_read.o)
 .data          0x00113a0c        0x0 ../bsp//libucosii_bsp.a(altera_avalon_jtag_uart_write.o)
 .data          0x00113a0c        0x0 ../bsp//libucosii_bsp.a(altera_avalon_timer_sc.o)
 .data          0x00113a0c        0x0 ../bsp//libucosii_bsp.a(altera_up_avalon_character_lcd.o)
 .data          0x00113a0c        0x0 ../bsp//libucosii_bsp.a(alt_dcache_flush_all.o)
 .data          0x00113a0c        0x0 ../bsp//libucosii_bsp.a(alt_dev_llist_insert.o)
 .data          0x00113a0c        0x0 ../bsp//libucosii_bsp.a(alt_do_ctors.o)
 .data          0x00113a0c        0x0 ../bsp//libucosii_bsp.a(alt_do_dtors.o)
 .data          0x00113a0c        0x0 ../bsp//libucosii_bsp.a(alt_find_dev.o)
 .data          0x00113a0c        0x0 ../bsp//libucosii_bsp.a(alt_icache_flush_all.o)
 .data          0x00113a0c        0x0 ../bsp//libucosii_bsp.a(alt_iic.o)
 .data          0x00113a0c        0x0 ../bsp//libucosii_bsp.a(alt_iic_isr_register.o)
 .data          0x00113a0c        0x0 ../bsp//libucosii_bsp.a(alt_io_redirect.o)
 .data          0x00113a0c        0x0 ../bsp//libucosii_bsp.a(alt_irq_entry.o)
 .data          0x00113a0c        0x0 ../bsp//libucosii_bsp.a(alt_irq_handler.o)
 .data          0x00113a0c        0x0 ../bsp//libucosii_bsp.a(alt_irq_vars.o)
 .data          0x00113a0c        0x0 ../bsp//libucosii_bsp.a(alt_open.o)
 .data          0x00113a0c        0x0 ../bsp//libucosii_bsp.a(altera_nios2_qsys_irq.o)
 .data          0x00113a0c        0x0 ../bsp//libucosii_bsp.a(os_cpu_a.o)
 .data          0x00113a0c        0x0 ../bsp//libucosii_bsp.a(os_cpu_c.o)
 .data          0x00113a0c        0x0 ../bsp//libucosii_bsp.a(alt_exception_entry.o)
 .data          0x00113a0c        0x0 ../bsp//libucosii_bsp.a(alt_find_file.o)
 .data          0x00113a0c        0x0 ../bsp//libucosii_bsp.a(alt_get_fd.o)
 .data          0x00113a0c        0x0 /opt/altera/13.0sp1/nios2eds/bin/gnu/H-i686-pc-linux-gnu/bin/../lib/gcc/nios2-elf/4.1.2/../../../../nios2-elf/lib/mno-hw-mul/libc.a(lib_a-atexit.o)
 .data          0x00113a0c        0x0 /opt/altera/13.0sp1/nios2eds/bin/gnu/H-i686-pc-linux-gnu/bin/../lib/gcc/nios2-elf/4.1.2/../../../../nios2-elf/lib/mno-hw-mul/libc.a(lib_a-exit.o)
 .data          0x00113a0c        0x0 /opt/altera/13.0sp1/nios2eds/bin/gnu/H-i686-pc-linux-gnu/bin/../lib/gcc/nios2-elf/4.1.2/../../../../nios2-elf/lib/mno-hw-mul/libc.a(lib_a-memcmp.o)
 .data          0x00113a0c        0x0 /opt/altera/13.0sp1/nios2eds/bin/gnu/H-i686-pc-linux-gnu/bin/../lib/gcc/nios2-elf/4.1.2/../../../../nios2-elf/lib/mno-hw-mul/libc.a(lib_a-__atexit.o)
 .data          0x00113a0c        0x0 /opt/altera/13.0sp1/nios2eds/bin/gnu/H-i686-pc-linux-gnu/bin/../lib/gcc/nios2-elf/4.1.2/../../../../nios2-elf/lib/mno-hw-mul/libc.a(lib_a-__call_atexit.o)
 .data          0x00113a0c        0x0 /opt/altera/13.0sp1/nios2eds/bin/gnu/H-i686-pc-linux-gnu/bin/../lib/gcc/nios2-elf/4.1.2/mno-hw-mul/libgcc.a(_fixunsdfsi.o)
 .data          0x00113a0c        0x0 ../bsp//libucosii_bsp.a(alt_exit.o)
                0x0011ba0c                _gp = ABSOLUTE ((. + 0x8000))
                0x0011ba0c                PROVIDE (gp, _gp)
 *(.rwdata .rwdata.*)
 *(.sdata .sdata.* .gnu.linkonce.s.*)
 .sdata         0x00113a0c        0x8 /opt/altera/13.0sp1/nios2eds/bin/gnu/H-i686-pc-linux-gnu/bin/../lib/gcc/nios2-elf/4.1.2/../../../../nios2-elf/lib/mno-hw-mul/libc.a(lib_a-impure.o)
                0x00113a0c                _impure_ptr
                0x00113a10                _global_impure_ptr
 .sdata         0x00113a14        0x8 /opt/altera/13.0sp1/nios2eds/bin/gnu/H-i686-pc-linux-gnu/bin/../lib/gcc/nios2-elf/4.1.2/../../../../nios2-elf/lib/mno-hw-mul/libc.a(lib_a-locale.o)
                0x00113a14                __mb_cur_max
 .sdata         0x00113a1c        0x8 /opt/altera/13.0sp1/nios2eds/bin/gnu/H-i686-pc-linux-gnu/bin/../lib/gcc/nios2-elf/4.1.2/../../../../nios2-elf/lib/mno-hw-mul/libc.a(lib_a-mallocr.o)
                0x00113a1c                __malloc_trim_threshold
                0x00113a20                __malloc_sbrk_base
 .sdata         0x00113a24       0x14 ../bsp//libucosii_bsp.a(alt_dev.o)
                0x00113a24                alt_fs_list
                0x00113a2c                alt_dev_list
                0x00113a34                alt_max_fd
 .sdata         0x00113a38        0x4 ../bsp//libucosii_bsp.a(alt_errno.o)
                0x00113a38                alt_errno
 .sdata         0x00113a3c        0x4 ../bsp//libucosii_bsp.a(alt_sbrk.o)
 .sdata         0x00113a40        0x8 ../bsp//libucosii_bsp.a(alt_tick.o)
                0x00113a40                alt_alarm_list
 .sdata         0x00113a48        0x4 ../bsp//libucosii_bsp.a(alt_env_lock.o)
 .sdata         0x00113a4c        0x4 ../bsp//libucosii_bsp.a(alt_malloc_lock.o)
 .sdata         0x00113a50       0x74 ../bsp//libucosii_bsp.a(os_dbg.o)
                0x00113a50                OSDebugEn
                0x00113a54                OSEndiannessTest
                0x00113a58                OSEventEn
                0x00113a5a                OSEventMax
                0x00113a5c                OSEventNameSize
                0x00113a5e                OSEventSize
                0x00113a60                OSEventTblSize
                0x00113a62                OSEventMultiEn
                0x00113a64                OSFlagEn
                0x00113a66                OSFlagGrpSize
                0x00113a68                OSFlagNodeSize
                0x00113a6a                OSFlagWidth
                0x00113a6c                OSFlagMax
                0x00113a6e                OSFlagNameSize
                0x00113a70                OSLowestPrio
                0x00113a72                OSMboxEn
                0x00113a74                OSMemEn
                0x00113a76                OSMemMax
                0x00113a78                OSMemNameSize
                0x00113a7a                OSMemSize
                0x00113a7c                OSMemTblSize
                0x00113a7e                OSMutexEn
                0x00113a80                OSPtrSize
                0x00113a82                OSQEn
                0x00113a84                OSQMax
                0x00113a86                OSQSize
                0x00113a88                OSRdyTblSize
                0x00113a8a                OSSemEn
                0x00113a8c                OSStkWidth
                0x00113a8e                OSTaskCreateEn
                0x00113a90                OSTaskCreateExtEn
                0x00113a92                OSTaskDelEn
                0x00113a94                OSTaskIdleStkSize
                0x00113a96                OSTaskProfileEn
                0x00113a98                OSTaskMax
                0x00113a9a                OSTaskNameSize
                0x00113a9c                OSTaskStatEn
                0x00113a9e                OSTaskStatStkSize
                0x00113aa0                OSTaskStatStkChkEn
                0x00113aa2                OSTaskSwHookEn
                0x00113aa4                OSTCBPrioTblMax
                0x00113aa6                OSTCBSize
                0x00113aa8                OSTicksPerSec
                0x00113aaa                OSTimeTickHookEn
                0x00113aac                OSVersionNbr
                0x00113aae                OSTmrEn
                0x00113ab0                OSTmrCfgMax
                0x00113ab2                OSTmrCfgNameSize
                0x00113ab4                OSTmrCfgWheelSize
                0x00113ab6                OSTmrCfgTicksPerSec
                0x00113ab8                OSTmrSize
                0x00113aba                OSTmrTblSize
                0x00113abc                OSTmrWheelSize
                0x00113abe                OSTmrWheelTblSize
                0x00113ac0                OSDataSize
 .sdata         0x00113ac4        0x4 ../bsp//libucosii_bsp.a(alt_irq_vars.o)
                0x00113ac4                alt_priority_mask
 *(.sdata2 .sdata2.* .gnu.linkonce.s2.*)
                0x00113ac8                . = ALIGN (0x4)
                0x00113ac8                _edata = ABSOLUTE (.)
                0x00113ac8                PROVIDE (edata, ABSOLUTE (.))
                0x00113ac8                PROVIDE (__ram_rwdata_end, ABSOLUTE (.))
                0x00113ac8                PROVIDE (__flash_rwdata_start, LOADADDR (.rwdata))

.bss            0x00115604     0xa114
                0x00115604                __bss_start = ABSOLUTE (.)
                0x00115604                PROVIDE (__sbss_start, ABSOLUTE (.))
                0x00115604                PROVIDE (___sbss_start, ABSOLUTE (.))
 *(.dynsbss)
 *(.sbss .sbss.* .gnu.linkonce.sb.*)
 .sbss          0x00115604        0x8 obj/default/cruise_skeleton.o
                0x00115604                led_green
                0x00115608                led_red
 .sbss          0x0011560c       0x14 obj/default/cruise_skeleton.o
                0x0011560c                Mbox_Throttle
                0x00115610                Mbox_Velocity
                0x00115614                Mbox_Engine
                0x00115618                delay
                0x0011561c                Mbox_Brake
 .sbss          0x00115620        0xc /opt/altera/13.0sp1/nios2eds/bin/gnu/H-i686-pc-linux-gnu/bin/../lib/gcc/nios2-elf/4.1.2/../../../../nios2-elf/lib/mno-hw-mul/libc.a(lib_a-locale.o)
                0x00115620                __nlocale_changed
                0x00115624                __mlocale_changed
                0x00115628                _PathLocale
 .sbss          0x0011562c        0xc /opt/altera/13.0sp1/nios2eds/bin/gnu/H-i686-pc-linux-gnu/bin/../lib/gcc/nios2-elf/4.1.2/../../../../nios2-elf/lib/mno-hw-mul/libc.a(lib_a-mallocr.o)
                0x0011562c                __malloc_top_pad
                0x00115630                __malloc_max_sbrked_mem
                0x00115634                __malloc_max_total_mem
 .sbss          0x00115638        0x4 /opt/altera/13.0sp1/nios2eds/bin/gnu/H-i686-pc-linux-gnu/bin/../lib/gcc/nios2-elf/4.1.2/../../../../nios2-elf/lib/mno-hw-mul/libc.a(lib_a-int_errno.o)
                0x00115638                errno
 .sbss          0x0011563c        0x4 ../bsp//libucosii_bsp.a(alt_dev.o)
                0x0011563c                alt_fd_list_lock
 .sbss          0x00115640        0xc ../bsp//libucosii_bsp.a(alt_main.o)
                0x00115640                alt_argc
                0x00115644                alt_argv
                0x00115648                alt_envp
 .sbss          0x0011564c        0x8 ../bsp//libucosii_bsp.a(alt_tick.o)
                0x0011564c                _alt_tick_rate
                0x00115650                _alt_nticks
 .sbss          0x00115654        0x8 ../bsp//libucosii_bsp.a(alt_env_lock.o)
                0x00115658                alt_envsem
 .sbss          0x0011565c        0x8 ../bsp//libucosii_bsp.a(alt_malloc_lock.o)
                0x00115660                alt_heapsem
 .sbss          0x00115664       0x68 ../bsp//libucosii_bsp.a(os_core.o)
                0x00115664                OSTmrFreeList
                0x00115668                OSLockNesting
                0x0011566c                OSTmrSemSignal
                0x00115670                OSRunning
                0x00115674                OSIdleCtr
                0x00115678                OSTmrUsed
                0x0011567a                OSPrioHighRdy
                0x0011567b                OSPrioCur
                0x0011567c                OSTCBList
                0x00115680                OSTickStepState
                0x00115684                OSCtxSwCtr
                0x00115688                OSTmrFree
                0x0011568c                OSIdleCtrMax
                0x00115690                OSTCBFreeList
                0x00115694                OSCPUUsage
                0x00115695                OSTaskCtr
                0x00115698                OSMemFreeList
                0x0011569c                OSTCBHighRdy
                0x001156a0                OSQFreeList
                0x001156a4                OSRdyGrp
                0x001156a5                OSRdyTbl
                0x001156a8                OSEventFreeList
                0x001156ac                OSIntNesting
                0x001156b0                OSTCBCur
                0x001156b4                OSTmrTime
                0x001156b8                OSTime
                0x001156bc                OSTmrSem
                0x001156c0                OSFlagFreeList
                0x001156c4                OSStatRdy
                0x001156c8                OSIdleCtrRun
 .sbss          0x001156cc        0x4 ../bsp//libucosii_bsp.a(alt_irq_vars.o)
                0x001156cc                alt_irq_active
 .sbss          0x001156d0        0x2 ../bsp//libucosii_bsp.a(os_cpu_c.o)
 *(.sbss2 .sbss2.* .gnu.linkonce.sb2.*)
 *(.scommon)
                0x001156d2                PROVIDE (__sbss_end, ABSOLUTE (.))
                0x001156d2                PROVIDE (___sbss_end, ABSOLUTE (.))
 *(.dynbss)
 *(.bss .bss.* .gnu.linkonce.b.*)
 .bss           0x001156d2        0x0 ../bsp//obj/HAL/src/crt0.o
 *fill*         0x001156d2        0x2 00
 .bss           0x001156d4       0x18 obj/default/cruise_skeleton.o
 .bss           0x001156ec        0x0 /opt/altera/13.0sp1/nios2eds/bin/gnu/H-i686-pc-linux-gnu/bin/../lib/gcc/nios2-elf/4.1.2/mno-hw-mul/libgcc.a(_addsub_df.o)
 .bss           0x001156ec        0x0 /opt/altera/13.0sp1/nios2eds/bin/gnu/H-i686-pc-linux-gnu/bin/../lib/gcc/nios2-elf/4.1.2/mno-hw-mul/libgcc.a(_div_df.o)
 .bss           0x001156ec        0x0 /opt/altera/13.0sp1/nios2eds/bin/gnu/H-i686-pc-linux-gnu/bin/../lib/gcc/nios2-elf/4.1.2/mno-hw-mul/libgcc.a(_si_to_df.o)
 .bss           0x001156ec        0x0 /opt/altera/13.0sp1/nios2eds/bin/gnu/H-i686-pc-linux-gnu/bin/../lib/gcc/nios2-elf/4.1.2/mno-hw-mul/libgcc.a(_df_to_si.o)
 .bss           0x001156ec        0x0 /opt/altera/13.0sp1/nios2eds/bin/gnu/H-i686-pc-linux-gnu/bin/../lib/gcc/nios2-elf/4.1.2/mno-hw-mul/libgcc.a(_thenan_df.o)
 .bss           0x001156ec        0x0 /opt/altera/13.0sp1/nios2eds/bin/gnu/H-i686-pc-linux-gnu/bin/../lib/gcc/nios2-elf/4.1.2/mno-hw-mul/libgcc.a(lib2-divmod.o)
 .bss           0x001156ec        0x0 /opt/altera/13.0sp1/nios2eds/bin/gnu/H-i686-pc-linux-gnu/bin/../lib/gcc/nios2-elf/4.1.2/mno-hw-mul/libgcc.a(lib2-mul.o)
 .bss           0x001156ec        0x0 /opt/altera/13.0sp1/nios2eds/bin/gnu/H-i686-pc-linux-gnu/bin/../lib/gcc/nios2-elf/4.1.2/mno-hw-mul/libgcc.a(_clzsi2.o)
 .bss           0x001156ec        0x0 /opt/altera/13.0sp1/nios2eds/bin/gnu/H-i686-pc-linux-gnu/bin/../lib/gcc/nios2-elf/4.1.2/mno-hw-mul/libgcc.a(_pack_df.o)
 .bss           0x001156ec        0x0 /opt/altera/13.0sp1/nios2eds/bin/gnu/H-i686-pc-linux-gnu/bin/../lib/gcc/nios2-elf/4.1.2/mno-hw-mul/libgcc.a(_unpack_df.o)
 .bss           0x001156ec        0x0 /opt/altera/13.0sp1/nios2eds/bin/gnu/H-i686-pc-linux-gnu/bin/../lib/gcc/nios2-elf/4.1.2/mno-hw-mul/libgcc.a(_clz.o)
 .bss           0x001156ec        0x0 /opt/altera/13.0sp1/nios2eds/bin/gnu/H-i686-pc-linux-gnu/bin/../lib/gcc/nios2-elf/4.1.2/../../../../nios2-elf/lib/mno-hw-mul/libc.a(lib_a-printf.o)
 .bss           0x001156ec        0x0 /opt/altera/13.0sp1/nios2eds/bin/gnu/H-i686-pc-linux-gnu/bin/../lib/gcc/nios2-elf/4.1.2/../../../../nios2-elf/lib/mno-hw-mul/libc.a(lib_a-puts.o)
 .bss           0x001156ec        0x0 /opt/altera/13.0sp1/nios2eds/bin/gnu/H-i686-pc-linux-gnu/bin/../lib/gcc/nios2-elf/4.1.2/../../../../nios2-elf/lib/mno-hw-mul/libc.a(lib_a-strlen.o)
 .bss           0x001156ec        0x0 /opt/altera/13.0sp1/nios2eds/bin/gnu/H-i686-pc-linux-gnu/bin/../lib/gcc/nios2-elf/4.1.2/../../../../nios2-elf/lib/mno-hw-mul/libc.a(lib_a-vfprintf.o)
 .bss           0x001156ec        0x0 /opt/altera/13.0sp1/nios2eds/bin/gnu/H-i686-pc-linux-gnu/bin/../lib/gcc/nios2-elf/4.1.2/../../../../nios2-elf/lib/mno-hw-mul/libc.a(lib_a-wsetup.o)
 .bss           0x001156ec        0x0 /opt/altera/13.0sp1/nios2eds/bin/gnu/H-i686-pc-linux-gnu/bin/../lib/gcc/nios2-elf/4.1.2/../../../../nios2-elf/lib/mno-hw-mul/libc.a(lib_a-dtoa.o)
 .bss           0x001156ec        0x0 /opt/altera/13.0sp1/nios2eds/bin/gnu/H-i686-pc-linux-gnu/bin/../lib/gcc/nios2-elf/4.1.2/../../../../nios2-elf/lib/mno-hw-mul/libc.a(lib_a-fflush.o)
 .bss           0x001156ec        0x0 /opt/altera/13.0sp1/nios2eds/bin/gnu/H-i686-pc-linux-gnu/bin/../lib/gcc/nios2-elf/4.1.2/../../../../nios2-elf/lib/mno-hw-mul/libc.a(lib_a-findfp.o)
 .bss           0x001156ec        0x0 /opt/altera/13.0sp1/nios2eds/bin/gnu/H-i686-pc-linux-gnu/bin/../lib/gcc/nios2-elf/4.1.2/../../../../nios2-elf/lib/mno-hw-mul/libc.a(lib_a-freer.o)
 .bss           0x001156ec        0x0 /opt/altera/13.0sp1/nios2eds/bin/gnu/H-i686-pc-linux-gnu/bin/../lib/gcc/nios2-elf/4.1.2/../../../../nios2-elf/lib/mno-hw-mul/libc.a(lib_a-fvwrite.o)
 .bss           0x001156ec        0x0 /opt/altera/13.0sp1/nios2eds/bin/gnu/H-i686-pc-linux-gnu/bin/../lib/gcc/nios2-elf/4.1.2/../../../../nios2-elf/lib/mno-hw-mul/libc.a(lib_a-fwalk.o)
 .bss           0x001156ec        0x0 /opt/altera/13.0sp1/nios2eds/bin/gnu/H-i686-pc-linux-gnu/bin/../lib/gcc/nios2-elf/4.1.2/../../../../nios2-elf/lib/mno-hw-mul/libc.a(lib_a-impure.o)
 .bss           0x001156ec        0x0 /opt/altera/13.0sp1/nios2eds/bin/gnu/H-i686-pc-linux-gnu/bin/../lib/gcc/nios2-elf/4.1.2/../../../../nios2-elf/lib/mno-hw-mul/libc.a(lib_a-locale.o)
 .bss           0x001156ec        0x0 /opt/altera/13.0sp1/nios2eds/bin/gnu/H-i686-pc-linux-gnu/bin/../lib/gcc/nios2-elf/4.1.2/../../../../nios2-elf/lib/mno-hw-mul/libc.a(lib_a-makebuf.o)
 .bss           0x001156ec       0x28 /opt/altera/13.0sp1/nios2eds/bin/gnu/H-i686-pc-linux-gnu/bin/../lib/gcc/nios2-elf/4.1.2/../../../../nios2-elf/lib/mno-hw-mul/libc.a(lib_a-mallocr.o)
                0x001156ec                __malloc_current_mallinfo
 .bss           0x00115714        0x0 /opt/altera/13.0sp1/nios2eds/bin/gnu/H-i686-pc-linux-gnu/bin/../lib/gcc/nios2-elf/4.1.2/../../../../nios2-elf/lib/mno-hw-mul/libc.a(lib_a-memchr.o)
 .bss           0x00115714        0x0 /opt/altera/13.0sp1/nios2eds/bin/gnu/H-i686-pc-linux-gnu/bin/../lib/gcc/nios2-elf/4.1.2/../../../../nios2-elf/lib/mno-hw-mul/libc.a(lib_a-memcpy.o)
 .bss           0x00115714        0x0 /opt/altera/13.0sp1/nios2eds/bin/gnu/H-i686-pc-linux-gnu/bin/../lib/gcc/nios2-elf/4.1.2/../../../../nios2-elf/lib/mno-hw-mul/libc.a(lib_a-memmove.o)
 .bss           0x00115714        0x0 /opt/altera/13.0sp1/nios2eds/bin/gnu/H-i686-pc-linux-gnu/bin/../lib/gcc/nios2-elf/4.1.2/../../../../nios2-elf/lib/mno-hw-mul/libc.a(lib_a-memset.o)
 .bss           0x00115714        0x0 /opt/altera/13.0sp1/nios2eds/bin/gnu/H-i686-pc-linux-gnu/bin/../lib/gcc/nios2-elf/4.1.2/../../../../nios2-elf/lib/mno-hw-mul/libc.a(lib_a-mprec.o)
 .bss           0x00115714        0x0 /opt/altera/13.0sp1/nios2eds/bin/gnu/H-i686-pc-linux-gnu/bin/../lib/gcc/nios2-elf/4.1.2/../../../../nios2-elf/lib/mno-hw-mul/libc.a(lib_a-reallocr.o)
 .bss           0x00115714        0x0 /opt/altera/13.0sp1/nios2eds/bin/gnu/H-i686-pc-linux-gnu/bin/../lib/gcc/nios2-elf/4.1.2/../../../../nios2-elf/lib/mno-hw-mul/libc.a(lib_a-s_isinfd.o)
 .bss           0x00115714        0x0 /opt/altera/13.0sp1/nios2eds/bin/gnu/H-i686-pc-linux-gnu/bin/../lib/gcc/nios2-elf/4.1.2/../../../../nios2-elf/lib/mno-hw-mul/libc.a(lib_a-s_isnand.o)
 .bss           0x00115714        0x0 /opt/altera/13.0sp1/nios2eds/bin/gnu/H-i686-pc-linux-gnu/bin/../lib/gcc/nios2-elf/4.1.2/../../../../nios2-elf/lib/mno-hw-mul/libc.a(lib_a-sbrkr.o)
 .bss           0x00115714        0x0 /opt/altera/13.0sp1/nios2eds/bin/gnu/H-i686-pc-linux-gnu/bin/../lib/gcc/nios2-elf/4.1.2/../../../../nios2-elf/lib/mno-hw-mul/libc.a(lib_a-stdio.o)
 .bss           0x00115714        0x0 /opt/altera/13.0sp1/nios2eds/bin/gnu/H-i686-pc-linux-gnu/bin/../lib/gcc/nios2-elf/4.1.2/../../../../nios2-elf/lib/mno-hw-mul/libc.a(lib_a-strcmp.o)
 .bss           0x00115714        0x0 /opt/altera/13.0sp1/nios2eds/bin/gnu/H-i686-pc-linux-gnu/bin/../lib/gcc/nios2-elf/4.1.2/../../../../nios2-elf/lib/mno-hw-mul/libc.a(lib_a-writer.o)
 .bss           0x00115714        0x0 /opt/altera/13.0sp1/nios2eds/bin/gnu/H-i686-pc-linux-gnu/bin/../lib/gcc/nios2-elf/4.1.2/../../../../nios2-elf/lib/mno-hw-mul/libc.a(lib_a-callocr.o)
 .bss           0x00115714        0x0 /opt/altera/13.0sp1/nios2eds/bin/gnu/H-i686-pc-linux-gnu/bin/../lib/gcc/nios2-elf/4.1.2/../../../../nios2-elf/lib/mno-hw-mul/libc.a(lib_a-closer.o)
 .bss           0x00115714        0x0 /opt/altera/13.0sp1/nios2eds/bin/gnu/H-i686-pc-linux-gnu/bin/../lib/gcc/nios2-elf/4.1.2/../../../../nios2-elf/lib/mno-hw-mul/libc.a(lib_a-fclose.o)
 .bss           0x00115714        0x0 /opt/altera/13.0sp1/nios2eds/bin/gnu/H-i686-pc-linux-gnu/bin/../lib/gcc/nios2-elf/4.1.2/../../../../nios2-elf/lib/mno-hw-mul/libc.a(lib_a-fstatr.o)
 .bss           0x00115714        0x0 /opt/altera/13.0sp1/nios2eds/bin/gnu/H-i686-pc-linux-gnu/bin/../lib/gcc/nios2-elf/4.1.2/../../../../nios2-elf/lib/mno-hw-mul/libc.a(lib_a-int_errno.o)
 .bss           0x00115714        0x0 /opt/altera/13.0sp1/nios2eds/bin/gnu/H-i686-pc-linux-gnu/bin/../lib/gcc/nios2-elf/4.1.2/../../../../nios2-elf/lib/mno-hw-mul/libc.a(lib_a-isattyr.o)
 .bss           0x00115714        0x0 /opt/altera/13.0sp1/nios2eds/bin/gnu/H-i686-pc-linux-gnu/bin/../lib/gcc/nios2-elf/4.1.2/../../../../nios2-elf/lib/mno-hw-mul/libc.a(lib_a-lseekr.o)
 .bss           0x00115714        0x0 /opt/altera/13.0sp1/nios2eds/bin/gnu/H-i686-pc-linux-gnu/bin/../lib/gcc/nios2-elf/4.1.2/../../../../nios2-elf/lib/mno-hw-mul/libc.a(lib_a-readr.o)
 .bss           0x00115714        0x0 /opt/altera/13.0sp1/nios2eds/bin/gnu/H-i686-pc-linux-gnu/bin/../lib/gcc/nios2-elf/4.1.2/mno-hw-mul/libgcc.a(_udivdi3.o)
 .bss           0x00115714        0x0 /opt/altera/13.0sp1/nios2eds/bin/gnu/H-i686-pc-linux-gnu/bin/../lib/gcc/nios2-elf/4.1.2/mno-hw-mul/libgcc.a(_umoddi3.o)
 .bss           0x00115714        0x0 /opt/altera/13.0sp1/nios2eds/bin/gnu/H-i686-pc-linux-gnu/bin/../lib/gcc/nios2-elf/4.1.2/mno-hw-mul/libgcc.a(_mul_df.o)
 .bss           0x00115714        0x0 /opt/altera/13.0sp1/nios2eds/bin/gnu/H-i686-pc-linux-gnu/bin/../lib/gcc/nios2-elf/4.1.2/mno-hw-mul/libgcc.a(_eq_df.o)
 .bss           0x00115714        0x0 /opt/altera/13.0sp1/nios2eds/bin/gnu/H-i686-pc-linux-gnu/bin/../lib/gcc/nios2-elf/4.1.2/mno-hw-mul/libgcc.a(_ne_df.o)
 .bss           0x00115714        0x0 /opt/altera/13.0sp1/nios2eds/bin/gnu/H-i686-pc-linux-gnu/bin/../lib/gcc/nios2-elf/4.1.2/mno-hw-mul/libgcc.a(_gt_df.o)
 .bss           0x00115714        0x0 /opt/altera/13.0sp1/nios2eds/bin/gnu/H-i686-pc-linux-gnu/bin/../lib/gcc/nios2-elf/4.1.2/mno-hw-mul/libgcc.a(_ge_df.o)
 .bss           0x00115714        0x0 /opt/altera/13.0sp1/nios2eds/bin/gnu/H-i686-pc-linux-gnu/bin/../lib/gcc/nios2-elf/4.1.2/mno-hw-mul/libgcc.a(_lt_df.o)
 .bss           0x00115714        0x0 /opt/altera/13.0sp1/nios2eds/bin/gnu/H-i686-pc-linux-gnu/bin/../lib/gcc/nios2-elf/4.1.2/mno-hw-mul/libgcc.a(_usi_to_df.o)
 .bss           0x00115714        0x0 /opt/altera/13.0sp1/nios2eds/bin/gnu/H-i686-pc-linux-gnu/bin/../lib/gcc/nios2-elf/4.1.2/mno-hw-mul/libgcc.a(_muldi3.o)
 .bss           0x00115714        0x0 /opt/altera/13.0sp1/nios2eds/bin/gnu/H-i686-pc-linux-gnu/bin/../lib/gcc/nios2-elf/4.1.2/mno-hw-mul/libgcc.a(_fpcmp_parts_df.o)
 .bss           0x00115714        0x0 ../bsp//libucosii_bsp.a(alt_alarm_start.o)
 .bss           0x00115714        0x0 ../bsp//libucosii_bsp.a(alt_close.o)
 .bss           0x00115714        0x0 ../bsp//libucosii_bsp.a(alt_dev.o)
 .bss           0x00115714        0x0 ../bsp//libucosii_bsp.a(alt_errno.o)
 .bss           0x00115714        0x0 ../bsp//libucosii_bsp.a(alt_fstat.o)
 .bss           0x00115714        0x0 ../bsp//libucosii_bsp.a(alt_isatty.o)
 .bss           0x00115714        0x0 ../bsp//libucosii_bsp.a(alt_load.o)
 .bss           0x00115714        0x0 ../bsp//libucosii_bsp.a(alt_lseek.o)
 .bss           0x00115714        0x0 ../bsp//libucosii_bsp.a(alt_main.o)
 .bss           0x00115714        0x0 ../bsp//libucosii_bsp.a(alt_read.o)
 .bss           0x00115714        0x0 ../bsp//libucosii_bsp.a(alt_release_fd.o)
 .bss           0x00115714        0x0 ../bsp//libucosii_bsp.a(alt_sbrk.o)
 .bss           0x00115714        0x0 ../bsp//libucosii_bsp.a(alt_tick.o)
 .bss           0x00115714        0x0 ../bsp//libucosii_bsp.a(alt_write.o)
 .bss           0x00115714        0x0 ../bsp//libucosii_bsp.a(alt_env_lock.o)
 .bss           0x00115714        0x0 ../bsp//libucosii_bsp.a(alt_malloc_lock.o)
 .bss           0x00115714        0x0 ../bsp//libucosii_bsp.a(os_core.o)
 .bss           0x00115714        0x0 ../bsp//libucosii_bsp.a(os_dbg.o)
 .bss           0x00115714        0x0 ../bsp//libucosii_bsp.a(os_flag.o)
 .bss           0x00115714        0x0 ../bsp//libucosii_bsp.a(os_mbox.o)
 .bss           0x00115714        0x0 ../bsp//libucosii_bsp.a(os_mem.o)
 .bss           0x00115714        0x0 ../bsp//libucosii_bsp.a(os_q.o)
 .bss           0x00115714        0x0 ../bsp//libucosii_bsp.a(os_sem.o)
 .bss           0x00115714        0x0 ../bsp//libucosii_bsp.a(os_task.o)
 .bss           0x00115714        0x0 ../bsp//libucosii_bsp.a(os_time.o)
 .bss           0x00115714        0x0 ../bsp//libucosii_bsp.a(os_tmr.o)
 .bss           0x00115714        0x0 ../bsp//libucosii_bsp.a(alt_sys_init.o)
 .bss           0x00115714        0x0 ../bsp//libucosii_bsp.a(altera_avalon_jtag_uart_fd.o)
 .bss           0x00115714        0x0 ../bsp//libucosii_bsp.a(altera_avalon_jtag_uart_init.o)
 .bss           0x00115714        0x0 ../bsp//libucosii_bsp.a(altera_avalon_jtag_uart_ioctl.o)
 .bss           0x00115714        0x0 ../bsp//libucosii_bsp.a(altera_avalon_jtag_uart_read.o)
 .bss           0x00115714        0x0 ../bsp//libucosii_bsp.a(altera_avalon_jtag_uart_write.o)
 .bss           0x00115714        0x0 ../bsp//libucosii_bsp.a(altera_avalon_timer_sc.o)
 .bss           0x00115714        0x0 ../bsp//libucosii_bsp.a(altera_up_avalon_character_lcd.o)
 .bss           0x00115714        0x0 ../bsp//libucosii_bsp.a(alt_dcache_flush_all.o)
 .bss           0x00115714        0x0 ../bsp//libucosii_bsp.a(alt_dev_llist_insert.o)
 .bss           0x00115714        0x0 ../bsp//libucosii_bsp.a(alt_do_ctors.o)
 .bss           0x00115714        0x0 ../bsp//libucosii_bsp.a(alt_do_dtors.o)
 .bss           0x00115714        0x0 ../bsp//libucosii_bsp.a(alt_find_dev.o)
 .bss           0x00115714        0x0 ../bsp//libucosii_bsp.a(alt_icache_flush_all.o)
 .bss           0x00115714        0x0 ../bsp//libucosii_bsp.a(alt_iic.o)
 .bss           0x00115714        0x0 ../bsp//libucosii_bsp.a(alt_iic_isr_register.o)
 .bss           0x00115714        0x0 ../bsp//libucosii_bsp.a(alt_io_redirect.o)
 .bss           0x00115714        0x0 ../bsp//libucosii_bsp.a(alt_irq_entry.o)
 .bss           0x00115714        0x0 ../bsp//libucosii_bsp.a(alt_irq_handler.o)
 .bss           0x00115714        0x0 ../bsp//libucosii_bsp.a(alt_irq_vars.o)
 .bss           0x00115714        0x0 ../bsp//libucosii_bsp.a(alt_open.o)
 .bss           0x00115714        0x0 ../bsp//libucosii_bsp.a(altera_nios2_qsys_irq.o)
 .bss           0x00115714        0x0 ../bsp//libucosii_bsp.a(os_cpu_a.o)
 .bss           0x00115714        0x0 ../bsp//libucosii_bsp.a(os_cpu_c.o)
 .bss           0x00115714        0x0 ../bsp//libucosii_bsp.a(alt_exception_entry.o)
 .bss           0x00115714        0x0 ../bsp//libucosii_bsp.a(alt_find_file.o)
 .bss           0x00115714        0x0 ../bsp//libucosii_bsp.a(alt_get_fd.o)
 .bss           0x00115714        0x0 /opt/altera/13.0sp1/nios2eds/bin/gnu/H-i686-pc-linux-gnu/bin/../lib/gcc/nios2-elf/4.1.2/../../../../nios2-elf/lib/mno-hw-mul/libc.a(lib_a-atexit.o)
 .bss           0x00115714        0x0 /opt/altera/13.0sp1/nios2eds/bin/gnu/H-i686-pc-linux-gnu/bin/../lib/gcc/nios2-elf/4.1.2/../../../../nios2-elf/lib/mno-hw-mul/libc.a(lib_a-exit.o)
 .bss           0x00115714        0x0 /opt/altera/13.0sp1/nios2eds/bin/gnu/H-i686-pc-linux-gnu/bin/../lib/gcc/nios2-elf/4.1.2/../../../../nios2-elf/lib/mno-hw-mul/libc.a(lib_a-memcmp.o)
 .bss           0x00115714        0x0 /opt/altera/13.0sp1/nios2eds/bin/gnu/H-i686-pc-linux-gnu/bin/../lib/gcc/nios2-elf/4.1.2/../../../../nios2-elf/lib/mno-hw-mul/libc.a(lib_a-__atexit.o)
 .bss           0x00115714        0x0 /opt/altera/13.0sp1/nios2eds/bin/gnu/H-i686-pc-linux-gnu/bin/../lib/gcc/nios2-elf/4.1.2/../../../../nios2-elf/lib/mno-hw-mul/libc.a(lib_a-__call_atexit.o)
 .bss           0x00115714        0x0 /opt/altera/13.0sp1/nios2eds/bin/gnu/H-i686-pc-linux-gnu/bin/../lib/gcc/nios2-elf/4.1.2/mno-hw-mul/libgcc.a(_fixunsdfsi.o)
 .bss           0x00115714        0x0 ../bsp//libucosii_bsp.a(alt_exit.o)
 *(COMMON)
 COMMON         0x00115714     0x6000 obj/default/cruise_skeleton.o
                0x00115714                ControlTask_Stack
                0x00117714                VehicleTask_Stack
                0x00119714                StartTask_Stack
 COMMON         0x0011b714     0x3d74 ../bsp//libucosii_bsp.a(os_core.o)
                0x0011b714                OSTmrWheelTbl
                0x0011b724                OSFlagTbl
                0x0011ba94                OSTmrTbl
                0x0011bdd4                OSMemTbl
                0x0011ca04                OSTaskStatStk
                0x0011d204                OSQTbl
                0x0011d3e4                OSTmrTaskStk
                0x0011dbe4                OSTaskIdleStk
                0x0011e3e4                OSEventTbl
                0x0011ef24                OSTCBTbl
                0x0011f434                OSTCBPrioTbl
 COMMON         0x0011f488      0x100 ../bsp//libucosii_bsp.a(alt_irq_handler.o)
                0x0011f488                alt_irq
 COMMON         0x0011f588      0x190 /opt/altera/13.0sp1/nios2eds/bin/gnu/H-i686-pc-linux-gnu/bin/../lib/gcc/nios2-elf/4.1.2/../../../../nios2-elf/lib/mno-hw-mul/libc.a(lib_a-atexit.o)
                0x0011f588                _atexit0
                0x0011f718                . = ALIGN (0x4)
                0x0011f718                __bss_end = ABSOLUTE (.)

.onchip_memory  0x00000000        0x0 load address 0x0011f718
                0x00000000                PROVIDE (_alt_partition_onchip_memory_start, ABSOLUTE (.))
 *(.onchip_memory. onchip_memory.*)
                0x00000000                . = ALIGN (0x4)
                0x00000000                PROVIDE (_alt_partition_onchip_memory_end, ABSOLUTE (.))
                0x0011f718                PROVIDE (_alt_partition_onchip_memory_load_addr, LOADADDR (.onchip_memory))

.sram           0x0011f718        0x0
                0x0011f718                PROVIDE (_alt_partition_sram_start, ABSOLUTE (.))
 *(.sram. sram.*)
                0x0011f718                . = ALIGN (0x4)
                0x0011f718                PROVIDE (_alt_partition_sram_end, ABSOLUTE (.))
                0x0011f718                _end = ABSOLUTE (.)
                0x0011f718                end = ABSOLUTE (.)
                0x0011f718                __alt_stack_base = ABSOLUTE (.)
                0x0011f718                PROVIDE (_alt_partition_sram_load_addr, LOADADDR (.sram))

.sdram          0x01000144        0x0 load address 0x0011f718
                0x01000144                PROVIDE (_alt_partition_sdram_start, ABSOLUTE (.))
 *(.sdram. sdram.*)
                0x01000144                . = ALIGN (0x4)
                0x01000144                PROVIDE (_alt_partition_sdram_end, ABSOLUTE (.))
                0x0011f718                PROVIDE (_alt_partition_sdram_load_addr, LOADADDR (.sdram))

.stab
 *(.stab)

.stabstr
 *(.stabstr)

.stab.excl
 *(.stab.excl)

.stab.exclstr
 *(.stab.exclstr)

.stab.index
 *(.stab.index)

.stab.indexstr
 *(.stab.indexstr)

.comment        0x00000000       0x26
 *(.comment)
 .comment       0x00000000       0x26 obj/default/cruise_skeleton.o
                                 0x27 (size before relaxing)
 .comment       0x00000000       0x27 /opt/altera/13.0sp1/nios2eds/bin/gnu/H-i686-pc-linux-gnu/bin/../lib/gcc/nios2-elf/4.1.2/mno-hw-mul/libgcc.a(_addsub_df.o)
 .comment       0x00000000       0x27 /opt/altera/13.0sp1/nios2eds/bin/gnu/H-i686-pc-linux-gnu/bin/../lib/gcc/nios2-elf/4.1.2/mno-hw-mul/libgcc.a(_div_df.o)
 .comment       0x00000000       0x27 /opt/altera/13.0sp1/nios2eds/bin/gnu/H-i686-pc-linux-gnu/bin/../lib/gcc/nios2-elf/4.1.2/mno-hw-mul/libgcc.a(_si_to_df.o)
 .comment       0x00000000       0x27 /opt/altera/13.0sp1/nios2eds/bin/gnu/H-i686-pc-linux-gnu/bin/../lib/gcc/nios2-elf/4.1.2/mno-hw-mul/libgcc.a(_df_to_si.o)
 .comment       0x00000000       0x27 /opt/altera/13.0sp1/nios2eds/bin/gnu/H-i686-pc-linux-gnu/bin/../lib/gcc/nios2-elf/4.1.2/mno-hw-mul/libgcc.a(_thenan_df.o)
 .comment       0x00000000       0x27 /opt/altera/13.0sp1/nios2eds/bin/gnu/H-i686-pc-linux-gnu/bin/../lib/gcc/nios2-elf/4.1.2/mno-hw-mul/libgcc.a(lib2-divmod.o)
 .comment       0x00000000       0x27 /opt/altera/13.0sp1/nios2eds/bin/gnu/H-i686-pc-linux-gnu/bin/../lib/gcc/nios2-elf/4.1.2/mno-hw-mul/libgcc.a(lib2-mul.o)
 .comment       0x00000000       0x27 /opt/altera/13.0sp1/nios2eds/bin/gnu/H-i686-pc-linux-gnu/bin/../lib/gcc/nios2-elf/4.1.2/mno-hw-mul/libgcc.a(_clzsi2.o)
 .comment       0x00000000       0x27 /opt/altera/13.0sp1/nios2eds/bin/gnu/H-i686-pc-linux-gnu/bin/../lib/gcc/nios2-elf/4.1.2/mno-hw-mul/libgcc.a(_pack_df.o)
 .comment       0x00000000       0x27 /opt/altera/13.0sp1/nios2eds/bin/gnu/H-i686-pc-linux-gnu/bin/../lib/gcc/nios2-elf/4.1.2/mno-hw-mul/libgcc.a(_unpack_df.o)
 .comment       0x00000000       0x27 /opt/altera/13.0sp1/nios2eds/bin/gnu/H-i686-pc-linux-gnu/bin/../lib/gcc/nios2-elf/4.1.2/mno-hw-mul/libgcc.a(_clz.o)
 .comment       0x00000000       0x27 /opt/altera/13.0sp1/nios2eds/bin/gnu/H-i686-pc-linux-gnu/bin/../lib/gcc/nios2-elf/4.1.2/../../../../nios2-elf/lib/mno-hw-mul/libc.a(lib_a-printf.o)
 .comment       0x00000000       0x27 /opt/altera/13.0sp1/nios2eds/bin/gnu/H-i686-pc-linux-gnu/bin/../lib/gcc/nios2-elf/4.1.2/../../../../nios2-elf/lib/mno-hw-mul/libc.a(lib_a-puts.o)
 .comment       0x00000000       0x27 /opt/altera/13.0sp1/nios2eds/bin/gnu/H-i686-pc-linux-gnu/bin/../lib/gcc/nios2-elf/4.1.2/../../../../nios2-elf/lib/mno-hw-mul/libc.a(lib_a-strlen.o)
 .comment       0x00000000       0x27 /opt/altera/13.0sp1/nios2eds/bin/gnu/H-i686-pc-linux-gnu/bin/../lib/gcc/nios2-elf/4.1.2/../../../../nios2-elf/lib/mno-hw-mul/libc.a(lib_a-vfprintf.o)
 .comment       0x00000000       0x27 /opt/altera/13.0sp1/nios2eds/bin/gnu/H-i686-pc-linux-gnu/bin/../lib/gcc/nios2-elf/4.1.2/../../../../nios2-elf/lib/mno-hw-mul/libc.a(lib_a-wsetup.o)
 .comment       0x00000000       0x27 /opt/altera/13.0sp1/nios2eds/bin/gnu/H-i686-pc-linux-gnu/bin/../lib/gcc/nios2-elf/4.1.2/../../../../nios2-elf/lib/mno-hw-mul/libc.a(lib_a-dtoa.o)
 .comment       0x00000000       0x27 /opt/altera/13.0sp1/nios2eds/bin/gnu/H-i686-pc-linux-gnu/bin/../lib/gcc/nios2-elf/4.1.2/../../../../nios2-elf/lib/mno-hw-mul/libc.a(lib_a-fflush.o)
 .comment       0x00000000       0x27 /opt/altera/13.0sp1/nios2eds/bin/gnu/H-i686-pc-linux-gnu/bin/../lib/gcc/nios2-elf/4.1.2/../../../../nios2-elf/lib/mno-hw-mul/libc.a(lib_a-findfp.o)
 .comment       0x00000000       0x27 /opt/altera/13.0sp1/nios2eds/bin/gnu/H-i686-pc-linux-gnu/bin/../lib/gcc/nios2-elf/4.1.2/../../../../nios2-elf/lib/mno-hw-mul/libc.a(lib_a-freer.o)
 .comment       0x00000000       0x27 /opt/altera/13.0sp1/nios2eds/bin/gnu/H-i686-pc-linux-gnu/bin/../lib/gcc/nios2-elf/4.1.2/../../../../nios2-elf/lib/mno-hw-mul/libc.a(lib_a-fvwrite.o)
 .comment       0x00000000       0x27 /opt/altera/13.0sp1/nios2eds/bin/gnu/H-i686-pc-linux-gnu/bin/../lib/gcc/nios2-elf/4.1.2/../../../../nios2-elf/lib/mno-hw-mul/libc.a(lib_a-fwalk.o)
 .comment       0x00000000       0x27 /opt/altera/13.0sp1/nios2eds/bin/gnu/H-i686-pc-linux-gnu/bin/../lib/gcc/nios2-elf/4.1.2/../../../../nios2-elf/lib/mno-hw-mul/libc.a(lib_a-impure.o)
 .comment       0x00000000       0x27 /opt/altera/13.0sp1/nios2eds/bin/gnu/H-i686-pc-linux-gnu/bin/../lib/gcc/nios2-elf/4.1.2/../../../../nios2-elf/lib/mno-hw-mul/libc.a(lib_a-locale.o)
 .comment       0x00000000       0x27 /opt/altera/13.0sp1/nios2eds/bin/gnu/H-i686-pc-linux-gnu/bin/../lib/gcc/nios2-elf/4.1.2/../../../../nios2-elf/lib/mno-hw-mul/libc.a(lib_a-makebuf.o)
 .comment       0x00000000       0x27 /opt/altera/13.0sp1/nios2eds/bin/gnu/H-i686-pc-linux-gnu/bin/../lib/gcc/nios2-elf/4.1.2/../../../../nios2-elf/lib/mno-hw-mul/libc.a(lib_a-mallocr.o)
 .comment       0x00000000       0x27 /opt/altera/13.0sp1/nios2eds/bin/gnu/H-i686-pc-linux-gnu/bin/../lib/gcc/nios2-elf/4.1.2/../../../../nios2-elf/lib/mno-hw-mul/libc.a(lib_a-memchr.o)
 .comment       0x00000000       0x27 /opt/altera/13.0sp1/nios2eds/bin/gnu/H-i686-pc-linux-gnu/bin/../lib/gcc/nios2-elf/4.1.2/../../../../nios2-elf/lib/mno-hw-mul/libc.a(lib_a-memcpy.o)
 .comment       0x00000000       0x27 /opt/altera/13.0sp1/nios2eds/bin/gnu/H-i686-pc-linux-gnu/bin/../lib/gcc/nios2-elf/4.1.2/../../../../nios2-elf/lib/mno-hw-mul/libc.a(lib_a-memmove.o)
 .comment       0x00000000       0x27 /opt/altera/13.0sp1/nios2eds/bin/gnu/H-i686-pc-linux-gnu/bin/../lib/gcc/nios2-elf/4.1.2/../../../../nios2-elf/lib/mno-hw-mul/libc.a(lib_a-memset.o)
 .comment       0x00000000       0x27 /opt/altera/13.0sp1/nios2eds/bin/gnu/H-i686-pc-linux-gnu/bin/../lib/gcc/nios2-elf/4.1.2/../../../../nios2-elf/lib/mno-hw-mul/libc.a(lib_a-mprec.o)
 .comment       0x00000000       0x27 /opt/altera/13.0sp1/nios2eds/bin/gnu/H-i686-pc-linux-gnu/bin/../lib/gcc/nios2-elf/4.1.2/../../../../nios2-elf/lib/mno-hw-mul/libc.a(lib_a-reallocr.o)
 .comment       0x00000000       0x27 /opt/altera/13.0sp1/nios2eds/bin/gnu/H-i686-pc-linux-gnu/bin/../lib/gcc/nios2-elf/4.1.2/../../../../nios2-elf/lib/mno-hw-mul/libc.a(lib_a-s_isinfd.o)
 .comment       0x00000000       0x27 /opt/altera/13.0sp1/nios2eds/bin/gnu/H-i686-pc-linux-gnu/bin/../lib/gcc/nios2-elf/4.1.2/../../../../nios2-elf/lib/mno-hw-mul/libc.a(lib_a-s_isnand.o)
 .comment       0x00000000       0x27 /opt/altera/13.0sp1/nios2eds/bin/gnu/H-i686-pc-linux-gnu/bin/../lib/gcc/nios2-elf/4.1.2/../../../../nios2-elf/lib/mno-hw-mul/libc.a(lib_a-sbrkr.o)
 .comment       0x00000000       0x27 /opt/altera/13.0sp1/nios2eds/bin/gnu/H-i686-pc-linux-gnu/bin/../lib/gcc/nios2-elf/4.1.2/../../../../nios2-elf/lib/mno-hw-mul/libc.a(lib_a-stdio.o)
 .comment       0x00000000       0x27 /opt/altera/13.0sp1/nios2eds/bin/gnu/H-i686-pc-linux-gnu/bin/../lib/gcc/nios2-elf/4.1.2/../../../../nios2-elf/lib/mno-hw-mul/libc.a(lib_a-strcmp.o)
 .comment       0x00000000       0x27 /opt/altera/13.0sp1/nios2eds/bin/gnu/H-i686-pc-linux-gnu/bin/../lib/gcc/nios2-elf/4.1.2/../../../../nios2-elf/lib/mno-hw-mul/libc.a(lib_a-writer.o)
 .comment       0x00000000       0x27 /opt/altera/13.0sp1/nios2eds/bin/gnu/H-i686-pc-linux-gnu/bin/../lib/gcc/nios2-elf/4.1.2/../../../../nios2-elf/lib/mno-hw-mul/libc.a(lib_a-callocr.o)